Archive member included to satisfy reference by file (symbol)

/opt/Atollic_TrueSTUDIO_for_STM32_x86_64_9.0.1/ARMTools/bin/../lib/gcc/arm-atollic-eabi/6.3.1/../../../../arm-atollic-eabi/lib/armv7-m/libc_nano.a(lib_a-init.o)
                              src/startup_stm32f10x_md.o (__libc_init_array)
/opt/Atollic_TrueSTUDIO_for_STM32_x86_64_9.0.1/ARMTools/bin/../lib/gcc/arm-atollic-eabi/6.3.1/../../../../arm-atollic-eabi/lib/armv7-m/libc_nano.a(lib_a-malloc.o)
                              FreeRTOS/source/heap_3.o (malloc)
/opt/Atollic_TrueSTUDIO_for_STM32_x86_64_9.0.1/ARMTools/bin/../lib/gcc/arm-atollic-eabi/6.3.1/../../../../arm-atollic-eabi/lib/armv7-m/libc_nano.a(lib_a-memcpy-stub.o)
                              FreeRTOS/source/messages.o (memcpy)
/opt/Atollic_TrueSTUDIO_for_STM32_x86_64_9.0.1/ARMTools/bin/../lib/gcc/arm-atollic-eabi/6.3.1/../../../../arm-atollic-eabi/lib/armv7-m/libc_nano.a(lib_a-memset.o)
                              FreeRTOS/source/tasks.o (memset)
/opt/Atollic_TrueSTUDIO_for_STM32_x86_64_9.0.1/ARMTools/bin/../lib/gcc/arm-atollic-eabi/6.3.1/../../../../arm-atollic-eabi/lib/armv7-m/libc_nano.a(lib_a-nano-freer.o)
                              /opt/Atollic_TrueSTUDIO_for_STM32_x86_64_9.0.1/ARMTools/bin/../lib/gcc/arm-atollic-eabi/6.3.1/../../../../arm-atollic-eabi/lib/armv7-m/libc_nano.a(lib_a-malloc.o) (_free_r)
/opt/Atollic_TrueSTUDIO_for_STM32_x86_64_9.0.1/ARMTools/bin/../lib/gcc/arm-atollic-eabi/6.3.1/../../../../arm-atollic-eabi/lib/armv7-m/libc_nano.a(lib_a-nano-mallocr.o)
                              /opt/Atollic_TrueSTUDIO_for_STM32_x86_64_9.0.1/ARMTools/bin/../lib/gcc/arm-atollic-eabi/6.3.1/../../../../arm-atollic-eabi/lib/armv7-m/libc_nano.a(lib_a-malloc.o) (_malloc_r)
/opt/Atollic_TrueSTUDIO_for_STM32_x86_64_9.0.1/ARMTools/bin/../lib/gcc/arm-atollic-eabi/6.3.1/../../../../arm-atollic-eabi/lib/armv7-m/libc_nano.a(lib_a-sbrkr.o)
                              /opt/Atollic_TrueSTUDIO_for_STM32_x86_64_9.0.1/ARMTools/bin/../lib/gcc/arm-atollic-eabi/6.3.1/../../../../arm-atollic-eabi/lib/armv7-m/libc_nano.a(lib_a-nano-mallocr.o) (_sbrk_r)
/opt/Atollic_TrueSTUDIO_for_STM32_x86_64_9.0.1/ARMTools/bin/../lib/gcc/arm-atollic-eabi/6.3.1/../../../../arm-atollic-eabi/lib/armv7-m/libc_nano.a(lib_a-strlen.o)
                              mqttClient/src/mqtt_packet.o (strlen)
/opt/Atollic_TrueSTUDIO_for_STM32_x86_64_9.0.1/ARMTools/bin/../lib/gcc/arm-atollic-eabi/6.3.1/../../../../arm-atollic-eabi/lib/armv7-m/libc_nano.a(lib_a-impure.o)
                              /opt/Atollic_TrueSTUDIO_for_STM32_x86_64_9.0.1/ARMTools/bin/../lib/gcc/arm-atollic-eabi/6.3.1/../../../../arm-atollic-eabi/lib/armv7-m/libc_nano.a(lib_a-malloc.o) (_impure_ptr)
/opt/Atollic_TrueSTUDIO_for_STM32_x86_64_9.0.1/ARMTools/bin/../lib/gcc/arm-atollic-eabi/6.3.1/../../../../arm-atollic-eabi/lib/armv7-m/libc_nano.a(lib_a-mlock.o)
                              /opt/Atollic_TrueSTUDIO_for_STM32_x86_64_9.0.1/ARMTools/bin/../lib/gcc/arm-atollic-eabi/6.3.1/../../../../arm-atollic-eabi/lib/armv7-m/libc_nano.a(lib_a-nano-freer.o) (__malloc_lock)
/opt/Atollic_TrueSTUDIO_for_STM32_x86_64_9.0.1/ARMTools/bin/../lib/gcc/arm-atollic-eabi/6.3.1/../../../../arm-atollic-eabi/lib/armv7-m/libc_nano.a(lib_a-reent.o)
                              /opt/Atollic_TrueSTUDIO_for_STM32_x86_64_9.0.1/ARMTools/bin/../lib/gcc/arm-atollic-eabi/6.3.1/../../../../arm-atollic-eabi/lib/armv7-m/libc_nano.a(lib_a-sbrkr.o) (errno)
/opt/Atollic_TrueSTUDIO_for_STM32_x86_64_9.0.1/ARMTools/bin/../lib/gcc/arm-atollic-eabi/6.3.1/armv7-m/libgcc.a(_arm_addsubdf3.o)
                              src/drivers/bmp280.o (__aeabi_dsub)
/opt/Atollic_TrueSTUDIO_for_STM32_x86_64_9.0.1/ARMTools/bin/../lib/gcc/arm-atollic-eabi/6.3.1/armv7-m/libgcc.a(_arm_muldivdf3.o)
                              src/drivers/bmp280.o (__aeabi_dmul)
/opt/Atollic_TrueSTUDIO_for_STM32_x86_64_9.0.1/ARMTools/bin/../lib/gcc/arm-atollic-eabi/6.3.1/armv7-m/libgcc.a(_arm_cmpdf2.o)
                              src/drivers/bmp280.o (__aeabi_dcmplt)
/opt/Atollic_TrueSTUDIO_for_STM32_x86_64_9.0.1/ARMTools/bin/../lib/gcc/arm-atollic-eabi/6.3.1/armv7-m/libgcc.a(_arm_fixdfsi.o)
                              src/drivers/bmp280.o (__aeabi_d2iz)
/opt/Atollic_TrueSTUDIO_for_STM32_x86_64_9.0.1/ARMTools/bin/../lib/gcc/arm-atollic-eabi/6.3.1/armv7-m/libgcc.a(_aeabi_ldivmod.o)
                              src/drivers/bme280.o (__aeabi_ldivmod)
/opt/Atollic_TrueSTUDIO_for_STM32_x86_64_9.0.1/ARMTools/bin/../lib/gcc/arm-atollic-eabi/6.3.1/armv7-m/libgcc.a(_udivmoddi4.o)
                              /opt/Atollic_TrueSTUDIO_for_STM32_x86_64_9.0.1/ARMTools/bin/../lib/gcc/arm-atollic-eabi/6.3.1/armv7-m/libgcc.a(_aeabi_ldivmod.o) (__udivmoddi4)
/opt/Atollic_TrueSTUDIO_for_STM32_x86_64_9.0.1/ARMTools/bin/../lib/gcc/arm-atollic-eabi/6.3.1/armv7-m/libgcc.a(_dvmd_tls.o)
[...]
Memory Configuration

Name             Origin             Length             Attributes
FLASH            0x0000000008000000 0x0000000000010000 xr
RAM              0x0000000020000000 0x0000000000005000 xrw
MEMORY_B1        0x0000000060000000 0x0000000000000000 xr
*default*        0x0000000000000000 0xffffffffffffffff

Linker script and memory map

LOAD /opt/Atollic_TrueSTUDIO_for_STM32_x86_64_9.0.1/ARMTools/bin/../lib/gcc/arm-atollic-eabi/6.3.1/armv7-m/crti.o
LOAD /opt/Atollic_TrueSTUDIO_for_STM32_x86_64_9.0.1/ARMTools/bin/../lib/gcc/arm-atollic-eabi/6.3.1/armv7-m/crtbegin.o
LOAD FreeRTOS/source/croutine.o
LOAD FreeRTOS/source/event_groups.o
LOAD FreeRTOS/source/heap_3.o
LOAD FreeRTOS/source/list.o
LOAD FreeRTOS/source/messages.o
LOAD FreeRTOS/source/port.o
LOAD FreeRTOS/source/queue.o
LOAD FreeRTOS/source/tasks.o
LOAD FreeRTOS/source/timers.o
LOAD Libraries/STM32F10x_StdPeriph_Driver/src/misc.o
LOAD Libraries/STM32F10x_StdPeriph_Driver/src/stm32f10x_adc.o
LOAD Libraries/STM32F10x_StdPeriph_Driver/src/stm32f10x_bkp.o
LOAD Libraries/STM32F10x_StdPeriph_Driver/src/stm32f10x_can.o
LOAD Libraries/STM32F10x_StdPeriph_Driver/src/stm32f10x_cec.o
LOAD Libraries/STM32F10x_StdPeriph_Driver/src/stm32f10x_crc.o
LOAD Libraries/STM32F10x_StdPeriph_Driver/src/stm32f10x_dac.o
LOAD Libraries/STM32F10x_StdPeriph_Driver/src/stm32f10x_dbgmcu.o
LOAD Libraries/STM32F10x_StdPeriph_Driver/src/stm32f10x_dma.o
LOAD Libraries/STM32F10x_StdPeriph_Driver/src/stm32f10x_exti.o
LOAD Libraries/STM32F10x_StdPeriph_Driver/src/stm32f10x_flash.o
LOAD Libraries/STM32F10x_StdPeriph_Driver/src/stm32f10x_fsmc.o
LOAD Libraries/STM32F10x_StdPeriph_Driver/src/stm32f10x_gpio.o
LOAD Libraries/STM32F10x_StdPeriph_Driver/src/stm32f10x_i2c.o
LOAD Libraries/STM32F10x_StdPeriph_Driver/src/stm32f10x_iwdg.o
LOAD Libraries/STM32F10x_StdPeriph_Driver/src/stm32f10x_pwr.o
LOAD Libraries/STM32F10x_StdPeriph_Driver/src/stm32f10x_rcc.o
LOAD Libraries/STM32F10x_StdPeriph_Driver/src/stm32f10x_rtc.o
LOAD Libraries/STM32F10x_StdPeriph_Driver/src/stm32f10x_sdio.o
LOAD Libraries/STM32F10x_StdPeriph_Driver/src/stm32f10x_spi.o
LOAD Libraries/STM32F10x_StdPeriph_Driver/src/stm32f10x_tim.o
LOAD Libraries/STM32F10x_StdPeriph_Driver/src/stm32f10x_usart.o
LOAD Libraries/STM32F10x_StdPeriph_Driver/src/stm32f10x_wwdg.o
LOAD mqttClient/src/mqtt_client.o
LOAD mqttClient/src/mqtt_packet.o
LOAD mqttClient/src/mqtt_socket.o
LOAD src/drivers/bme280.o
LOAD src/drivers/bmp280.o
LOAD src/drivers/bmp280_hal.o
LOAD src/drivers/board.o
LOAD src/drivers/gpio.o
LOAD src/drivers/nrf24.o
LOAD src/drivers/nrf24_platform.o
LOAD src/main.o
LOAD src/platform.o
LOAD src/rtc.o
LOAD src/startup_stm32f10x_md.o
LOAD src/stm32f1xx_it.o
LOAD src/system_stm32f10x.o
LOAD threads/src/ThreadCommunication.o
LOAD threads/src/ThreadHealthMonitor.o
LOAD threads/src/ThreadLightSensor.o
LOAD threads/src/ThreadServiceMode.o
LOAD threads/src/ThreadSupervisor.o
LOAD threads/src/ThreadTemperatureSensor.o
                0x0000000000000080                malloc_getpagesize_P = 0x80
START GROUP
LOAD /opt/Atollic_TrueSTUDIO_for_STM32_x86_64_9.0.1/ARMTools/bin/../lib/gcc/arm-atollic-eabi/6.3.1/../../../../arm-atollic-eabi/lib/armv7-m/libc_nano.a
LOAD /opt/Atollic_TrueSTUDIO_for_STM32_x86_64_9.0.1/ARMTools/bin/../lib/gcc/arm-atollic-eabi/6.3.1/../../../../arm-atollic-eabi/lib/armv7-m/libm.a
END GROUP
START GROUP
LOAD /opt/Atollic_TrueSTUDIO_for_STM32_x86_64_9.0.1/ARMTools/bin/../lib/gcc/arm-atollic-eabi/6.3.1/armv7-m/libgcc.a
LOAD /opt/Atollic_TrueSTUDIO_for_STM32_x86_64_9.0.1/ARMTools/bin/../lib/gcc/arm-atollic-eabi/6.3.1/../../../../arm-atollic-eabi/lib/armv7-m/libc_nano.a
END GROUP
START GROUP
LOAD /opt/Atollic_TrueSTUDIO_for_STM32_x86_64_9.0.1/ARMTools/bin/../lib/gcc/arm-atollic-eabi/6.3.1/armv7-m/libgcc.a
LOAD /opt/Atollic_TrueSTUDIO_for_STM32_x86_64_9.0.1/ARMTools/bin/../lib/gcc/arm-atollic-eabi/6.3.1/../../../../arm-atollic-eabi/lib/armv7-m/libc_nano.a
LOAD /opt/Atollic_TrueSTUDIO_for_STM32_x86_64_9.0.1/ARMTools/bin/../lib/gcc/arm-atollic-eabi/6.3.1/../../../../arm-atollic-eabi/lib/armv7-m/libnosys.a
END GROUP
START GROUP
LOAD /opt/Atollic_TrueSTUDIO_for_STM32_x86_64_9.0.1/ARMTools/bin/../lib/gcc/arm-atollic-eabi/6.3.1/armv7-m/libgcc.a
LOAD /opt/Atollic_TrueSTUDIO_for_STM32_x86_64_9.0.1/ARMTools/bin/../lib/gcc/arm-atollic-eabi/6.3.1/../../../../arm-atollic-eabi/lib/armv7-m/libc_nano.a
LOAD /opt/Atollic_TrueSTUDIO_for_STM32_x86_64_9.0.1/ARMTools/bin/../lib/gcc/arm-atollic-eabi/6.3.1/../../../../arm-atollic-eabi/lib/armv7-m/libnosys.a
END GROUP
LOAD /opt/Atollic_TrueSTUDIO_for_STM32_x86_64_9.0.1/ARMTools/bin/../lib/gcc/arm-atollic-eabi/6.3.1/armv7-m/crtend.o
LOAD /opt/Atollic_TrueSTUDIO_for_STM32_x86_64_9.0.1/ARMTools/bin/../lib/gcc/arm-atollic-eabi/6.3.1/armv7-m/crtn.o
                0x0000000020005000                _estack = 0x20005000
                0x0000000000000000                _Min_Heap_Size = 0x0
                0x0000000000001000                _Min_Stack_Size = 0x1000

.isr_vector     0x0000000008000000      0x10c
                0x0000000008000000                . = ALIGN (0x4)
 *(.isr_vector)
 .isr_vector    0x0000000008000000      0x10c src/startup_stm32f10x_md.o
                0x0000000008000000                g_pfnVectors
                0x000000000800010c                . = ALIGN (0x4)

.text           0x0000000008000110     0x43c8
                0x0000000008000110                . = ALIGN (0x4)
 *(.text)
 .text          0x0000000008000110       0x40 /opt/Atollic_TrueSTUDIO_for_STM32_x86_64_9.0.1/ARMTools/bin/../lib/gcc/arm-atollic-eabi/6.3.1/armv7-m/crtbegin.o
 .text          0x0000000008000150       0x10 /opt/Atollic_TrueSTUDIO_for_STM32_x86_64_9.0.1/ARMTools/bin/../lib/gcc/arm-atollic-eabi/6.3.1/../../../../arm-atollic-eabi/lib/armv7-m/libc_nano.a(lib_a-strlen.o)
                0x0000000008000150                strlen
 *(.text*)
 .text.pvPortMalloc
                0x0000000008000160       0x24 FreeRTOS/source/heap_3.o
                0x0000000008000160                pvPortMalloc
 .text.vPortFree
                0x0000000008000184       0x24 FreeRTOS/source/heap_3.o
                0x0000000008000184                vPortFree
 .text.vListInitialise
                0x00000000080001a8       0x3e FreeRTOS/source/list.o
                0x00000000080001a8                vListInitialise
 .text.vListInitialiseItem
                0x00000000080001e6       0x18 FreeRTOS/source/list.o
                0x00000000080001e6                vListInitialiseItem
 .text.vListInsertEnd
                0x00000000080001fe       0x46 FreeRTOS/source/list.o
                0x00000000080001fe                vListInsertEnd
 .text.vListInsert
                0x0000000008000244       0x70 FreeRTOS/source/list.o
                0x0000000008000244                vListInsert
 .text.uxListRemove
                0x00000000080002b4       0x52 FreeRTOS/source/list.o
                0x00000000080002b4                uxListRemove
 *fill*         0x0000000008000306        0x2 
 .text.pxPortInitialiseStack
                0x0000000008000308       0x58 FreeRTOS/source/port.o
                0x0000000008000308                pxPortInitialiseStack
 .text.prvTaskExitError
                0x0000000008000360       0x1a FreeRTOS/source/port.o
 *fill*         0x000000000800037a        0x6 
 .text.SVC_Handler
                0x0000000008000380       0x28 FreeRTOS/source/port.o
                0x0000000008000380                SVC_Handler
 .text.prvPortStartFirstTask
                0x00000000080003a8       0x20 FreeRTOS/source/port.o
 .text.xPortStartScheduler
                0x00000000080003c8       0x3c FreeRTOS/source/port.o
                0x00000000080003c8                xPortStartScheduler
 .text.vPortEnterCritical
                0x0000000008000404       0x30 FreeRTOS/source/port.o
                0x0000000008000404                vPortEnterCritical
 .text.vPortExitCritical
                0x0000000008000434       0x30 FreeRTOS/source/port.o
                0x0000000008000434                vPortExitCritical
 *fill*         0x0000000008000464        0xc 
 .text.PendSV_Handler
                0x0000000008000470       0x48 FreeRTOS/source/port.o
                0x0000000008000470                PendSV_Handler
 .text.SysTick_Handler
                0x00000000080004b8       0x40 FreeRTOS/source/port.o
                0x00000000080004b8                SysTick_Handler
 .text.vPortSetupTimerInterrupt
                0x00000000080004f8       0x24 FreeRTOS/source/port.o
                0x00000000080004f8                vPortSetupTimerInterrupt
 .text.xQueueGenericReset
                0x000000000800051c       0xb4 FreeRTOS/source/queue.o
                0x000000000800051c                xQueueGenericReset
 .text.xQueueGenericCreate
                0x00000000080005d0       0x58 FreeRTOS/source/queue.o
                0x00000000080005d0                xQueueGenericCreate
 .text.prvInitialiseNewQueue
                0x0000000008000628       0x46 FreeRTOS/source/queue.o
 *fill*         0x000000000800066e        0x2 
 .text.xQueueGenericSend
                0x0000000008000670      0x154 FreeRTOS/source/queue.o
                0x0000000008000670                xQueueGenericSend
 .text.xQueueGenericReceive
                0x00000000080007c4      0x1b0 FreeRTOS/source/queue.o
                0x00000000080007c4                xQueueGenericReceive
 .text.prvCopyDataToQueue
                0x0000000008000974       0xd4 FreeRTOS/source/queue.o
 .text.prvCopyDataFromQueue
                0x0000000008000a48       0x4c FreeRTOS/source/queue.o
 .text.prvUnlockQueue
                0x0000000008000a94       0xa4 FreeRTOS/source/queue.o
 .text.prvIsQueueEmpty
                0x0000000008000b38       0x2c FreeRTOS/source/queue.o
 .text.prvIsQueueFull
                0x0000000008000b64       0x30 FreeRTOS/source/queue.o
 .text.xTaskCreate
                0x0000000008000b94       0x82 FreeRTOS/source/tasks.o
                0x0000000008000b94                xTaskCreate
 .text.prvInitialiseNewTask
                0x0000000008000c16       0xee FreeRTOS/source/tasks.o
 .text.prvAddNewTaskToReadyList
                0x0000000008000d04       0xdc FreeRTOS/source/tasks.o
 .text.vTaskDelay
                0x0000000008000de0       0x48 FreeRTOS/source/tasks.o
                0x0000000008000de0                vTaskDelay
 .text.vTaskStartScheduler
                0x0000000008000e28       0x70 FreeRTOS/source/tasks.o
                0x0000000008000e28                vTaskStartScheduler
 .text.vTaskSuspendAll
                0x0000000008000e98       0x1c FreeRTOS/source/tasks.o
                0x0000000008000e98                vTaskSuspendAll
 .text.xTaskResumeAll
                0x0000000008000eb4      0x11c FreeRTOS/source/tasks.o
                0x0000000008000eb4                xTaskResumeAll
 .text.xTaskGetTickCount
                0x0000000008000fd0       0x1c FreeRTOS/source/tasks.o
                0x0000000008000fd0                xTaskGetTickCount
 .text.xTaskIncrementTick
                0x0000000008000fec      0x158 FreeRTOS/source/tasks.o
                0x0000000008000fec                xTaskIncrementTick
 .text.vTaskSwitchContext
                0x0000000008001144       0x8c FreeRTOS/source/tasks.o
                0x0000000008001144                vTaskSwitchContext
 .text.vTaskPlaceOnEventList
                0x00000000080011d0       0x2c FreeRTOS/source/tasks.o
                0x00000000080011d0                vTaskPlaceOnEventList
 .text.xTaskRemoveFromEventList
                0x00000000080011fc       0xa8 FreeRTOS/source/tasks.o
                0x00000000080011fc                xTaskRemoveFromEventList
 .text.vTaskSetTimeOutState
                0x00000000080012a4       0x2c FreeRTOS/source/tasks.o
                0x00000000080012a4                vTaskSetTimeOutState
 .text.xTaskCheckForTimeOut
                0x00000000080012d0       0x88 FreeRTOS/source/tasks.o
                0x00000000080012d0                xTaskCheckForTimeOut
 .text.vTaskMissedYield
                0x0000000008001358       0x18 FreeRTOS/source/tasks.o
                0x0000000008001358                vTaskMissedYield
 .text.prvIdleTask
                0x0000000008001370       0x30 FreeRTOS/source/tasks.o
 .text.prvInitialiseTaskLists
                0x00000000080013a0       0x80 FreeRTOS/source/tasks.o
 .text.prvCheckTasksWaitingTermination
                0x0000000008001420       0x78 FreeRTOS/source/tasks.o
 .text.prvDeleteTCB
                0x0000000008001498       0x20 FreeRTOS/source/tasks.o
 .text.prvResetNextTaskUnblockTime
                0x00000000080014b8       0x48 FreeRTOS/source/tasks.o
 .text.vTaskPriorityInherit
                0x0000000008001500       0xec FreeRTOS/source/tasks.o
                0x0000000008001500                vTaskPriorityInherit
 .text.xTaskPriorityDisinherit
                0x00000000080015ec       0xc8 FreeRTOS/source/tasks.o
                0x00000000080015ec                xTaskPriorityDisinherit
 .text.pvTaskIncrementMutexHeldCount
                0x00000000080016b4       0x28 FreeRTOS/source/tasks.o
                0x00000000080016b4                pvTaskIncrementMutexHeldCount
 .text.prvAddCurrentTaskToDelayedList
                0x00000000080016dc       0xcc FreeRTOS/source/tasks.o
 .text.GPIO_Init
                0x00000000080017a8      0x178 Libraries/STM32F10x_StdPeriph_Driver/src/stm32f10x_gpio.o
                0x00000000080017a8                GPIO_Init
 .text.GPIO_SetBits
                0x0000000008001920       0x1c Libraries/STM32F10x_StdPeriph_Driver/src/stm32f10x_gpio.o
                0x0000000008001920                GPIO_SetBits
 .text.GPIO_ResetBits
                0x000000000800193c       0x1c Libraries/STM32F10x_StdPeriph_Driver/src/stm32f10x_gpio.o
                0x000000000800193c                GPIO_ResetBits
 .text.RCC_APB2PeriphClockCmd
                0x0000000008001958       0x3c Libraries/STM32F10x_StdPeriph_Driver/src/stm32f10x_rcc.o
                0x0000000008001958                RCC_APB2PeriphClockCmd
 .text.SPI_Init
                0x0000000008001994       0x86 Libraries/STM32F10x_StdPeriph_Driver/src/stm32f10x_spi.o
                0x0000000008001994                SPI_Init
 .text.SPI_Cmd  0x0000000008001a1a       0x3e Libraries/STM32F10x_StdPeriph_Driver/src/stm32f10x_spi.o
                0x0000000008001a1a                SPI_Cmd
 .text.SPI_I2S_SendData
                0x0000000008001a58       0x1c Libraries/STM32F10x_StdPeriph_Driver/src/stm32f10x_spi.o
                0x0000000008001a58                SPI_I2S_SendData
 .text.SPI_I2S_ReceiveData
                0x0000000008001a74       0x18 Libraries/STM32F10x_StdPeriph_Driver/src/stm32f10x_spi.o
                0x0000000008001a74                SPI_I2S_ReceiveData
 .text.SPI_SSOutputCmd
                0x0000000008001a8c       0x3e Libraries/STM32F10x_StdPeriph_Driver/src/stm32f10x_spi.o
                0x0000000008001a8c                SPI_SSOutputCmd
 .text.SPI_I2S_GetFlagStatus
                0x0000000008001aca       0x36 Libraries/STM32F10x_StdPeriph_Driver/src/stm32f10x_spi.o
                0x0000000008001aca                SPI_I2S_GetFlagStatus
 .text.MqttClient_HandlePayload
                0x0000000008001b00      0x330 mqttClient/src/mqtt_client.o
 .text.MqttClient_WaitType
                0x0000000008001e30       0xf4 mqttClient/src/mqtt_client.o
 .text.MqttClient_Init
                0x0000000008001f24       0x78 mqttClient/src/mqtt_client.o
                0x0000000008001f24                MqttClient_Init
 .text.MqttClient_Connect
                0x0000000008001f9c       0x8e mqttClient/src/mqtt_client.o
                0x0000000008001f9c                MqttClient_Connect
 .text.MqttClient_Subscribe
                0x000000000800202a       0xc6 mqttClient/src/mqtt_client.o
                0x000000000800202a                MqttClient_Subscribe
 .text.MqttEncode_FixedHeader
                0x00000000080020f0       0x8e mqttClient/src/mqtt_packet.o
 .text.MqttDecode_FixedHeader
                0x000000000800217e       0x9c mqttClient/src/mqtt_packet.o
 .text.MqttDecode_RemainLen
                0x000000000800221a       0x8c mqttClient/src/mqtt_packet.o
                0x000000000800221a                MqttDecode_RemainLen
 .text.MqttEncode_RemainLen
                0x00000000080022a6       0x8a mqttClient/src/mqtt_packet.o
                0x00000000080022a6                MqttEncode_RemainLen
 .text.MqttDecode_Num
                0x0000000008002330       0x40 mqttClient/src/mqtt_packet.o
                0x0000000008002330                MqttDecode_Num
 .text.MqttEncode_Num
                0x0000000008002370       0x2e mqttClient/src/mqtt_packet.o
                0x0000000008002370                MqttEncode_Num
 .text.MqttDecode_String
                0x000000000800239e       0x4a mqttClient/src/mqtt_packet.o
                0x000000000800239e                MqttDecode_String
 .text.MqttEncode_String
                0x00000000080023e8       0x44 mqttClient/src/mqtt_packet.o
                0x00000000080023e8                MqttEncode_String
 .text.MqttEncode_Data
                0x000000000800242c       0x3c mqttClient/src/mqtt_packet.o
                0x000000000800242c                MqttEncode_Data
 .text.MqttEncode_Connect
                0x0000000008002468      0x260 mqttClient/src/mqtt_packet.o
                0x0000000008002468                MqttEncode_Connect
 .text.MqttDecode_ConnectAck
                0x00000000080026c8       0x70 mqttClient/src/mqtt_packet.o
                0x00000000080026c8                MqttDecode_ConnectAck
 .text.MqttDecode_Publish
                0x0000000008002738       0xee mqttClient/src/mqtt_packet.o
                0x0000000008002738                MqttDecode_Publish
 .text.MqttEncode_PublishResp
                0x0000000008002826       0x8c mqttClient/src/mqtt_packet.o
                0x0000000008002826                MqttEncode_PublishResp
 .text.MqttDecode_PublishResp
                0x00000000080028b2       0x7a mqttClient/src/mqtt_packet.o
                0x00000000080028b2                MqttDecode_PublishResp
 .text.MqttEncode_Subscribe
                0x000000000800292c       0xfa mqttClient/src/mqtt_packet.o
                0x000000000800292c                MqttEncode_Subscribe
 .text.MqttDecode_SubscribeAck
                0x0000000008002a26       0x80 mqttClient/src/mqtt_packet.o
                0x0000000008002a26                MqttDecode_SubscribeAck
 .text.MqttDecode_UnsubscribeAck
                0x0000000008002aa6       0x7a mqttClient/src/mqtt_packet.o
                0x0000000008002aa6                MqttDecode_UnsubscribeAck
 .text.MqttDecode_Ping
                0x0000000008002b20       0x50 mqttClient/src/mqtt_packet.o
                0x0000000008002b20                MqttDecode_Ping
 .text.MqttPacket_Write
                0x0000000008002b70       0x26 mqttClient/src/mqtt_packet.o
                0x0000000008002b70                MqttPacket_Write
 .text.MqttPacket_Read
                0x0000000008002b96      0x13a mqttClient/src/mqtt_packet.o
                0x0000000008002b96                MqttPacket_Read
 .text.MqttSocket_Init
                0x0000000008002cd0       0x5e mqttClient/src/mqtt_socket.o
                0x0000000008002cd0                MqttSocket_Init
 .text.MqttSocket_WriteDo
                0x0000000008002d2e       0x2e mqttClient/src/mqtt_socket.o
 .text.MqttSocket_Write
                0x0000000008002d5c       0xa0 mqttClient/src/mqtt_socket.o
                0x0000000008002d5c                MqttSocket_Write
 .text.MqttSocket_ReadDo
                0x0000000008002dfc       0x2e mqttClient/src/mqtt_socket.o
 .text.MqttSocket_Read
                0x0000000008002e2a       0xa0 mqttClient/src/mqtt_socket.o
                0x0000000008002e2a                MqttSocket_Read
 *fill*         0x0000000008002eca        0x2 
 .text.NVIC_EnableIRQ
                0x0000000008002ecc       0x30 src/drivers/gpio.o
 .text.EnableGpioClk
                0x0000000008002efc       0x7c src/drivers/gpio.o
                0x0000000008002efc                EnableGpioClk
 .text.SetGpioAsInFloating
                0x0000000008002f78       0xa0 src/drivers/gpio.o
                0x0000000008002f78                SetGpioAsInFloating
 .text.SetGpioAsInPullUp
                0x0000000008003018       0x72 src/drivers/gpio.o
                0x0000000008003018                SetGpioAsInPullUp
 .text.SetGpioAsOutAltPushPUll
                0x000000000800308a       0x7c src/drivers/gpio.o
                0x000000000800308a                SetGpioAsOutAltPushPUll
 *fill*         0x0000000008003106        0x2 
 .text.EnableExti
                0x0000000008003108       0x90 src/drivers/gpio.o
                0x0000000008003108                EnableExti
 .text.calculateCRC16
                0x0000000008003198       0x76 src/drivers/nrf24.o
                0x0000000008003198                calculateCRC16
 .text.l3_receive_packet
                0x000000000800320e       0xc6 src/drivers/nrf24.o
                0x000000000800320e                l3_receive_packet
 .text.nRF24_restore_defaults
                0x00000000080032d4       0xba src/drivers/nrf24.o
                0x00000000080032d4                nRF24_restore_defaults
 .text.nrf24_init
                0x000000000800338e       0x18 src/drivers/nrf24.o
                0x000000000800338e                nrf24_init
 *fill*         0x00000000080033a6        0x2 
 .text.nrf24_ce_digitalWrite
                0x00000000080033a8       0x30 src/drivers/nrf24.o
                0x00000000080033a8                nrf24_ce_digitalWrite
 .text.nrf24_csn_digitalWrite
                0x00000000080033d8       0x30 src/drivers/nrf24.o
                0x00000000080033d8                nrf24_csn_digitalWrite
 .text.nrf24_config
                0x0000000008003408       0x94 src/drivers/nrf24.o
                0x0000000008003408                nrf24_config
 .text.nrf24_rx_address
                0x000000000800349c       0x26 src/drivers/nrf24.o
                0x000000000800349c                nrf24_rx_address
 .text.nrf24_tx_address
                0x00000000080034c2       0x24 src/drivers/nrf24.o
                0x00000000080034c2                nrf24_tx_address
 .text.nrf24_dataReady
                0x00000000080034e6       0x40 src/drivers/nrf24.o
                0x00000000080034e6                nrf24_dataReady
 *fill*         0x0000000008003526        0x2 
 .text.nrf24_getData
                0x0000000008003528       0x34 src/drivers/nrf24.o
                0x0000000008003528                nrf24_getData
 .text.nrf24_getStatus
                0x000000000800355c       0x26 src/drivers/nrf24.o
                0x000000000800355c                nrf24_getStatus
 .text.nrf24_powerUpRx
                0x0000000008003582       0x36 src/drivers/nrf24.o
                0x0000000008003582                nrf24_powerUpRx
 .text.spi_transfer
                0x00000000080035b8       0x24 src/drivers/nrf24.o
                0x00000000080035b8                spi_transfer
 .text.nrf24_transferSync
                0x00000000080035dc       0x42 src/drivers/nrf24.o
                0x00000000080035dc                nrf24_transferSync
 .text.nrf24_transmitSync
                0x000000000800361e       0x36 src/drivers/nrf24.o
                0x000000000800361e                nrf24_transmitSync
 .text.nrf24_configRegister
                0x0000000008003654       0x40 src/drivers/nrf24.o
                0x0000000008003654                nrf24_configRegister
 .text.nrf24_readRegister
                0x0000000008003694       0x3e src/drivers/nrf24.o
                0x0000000008003694                nrf24_readRegister
 .text.nrf24_writeRegister
                0x00000000080036d2       0x42 src/drivers/nrf24.o
                0x00000000080036d2                nrf24_writeRegister
 .text.nRF24_GPIO_Init
                0x0000000008003714       0xec src/drivers/nrf24_platform.o
                0x0000000008003714                nRF24_GPIO_Init
 .text.nRF24_LL_RW
                0x0000000008003800       0x4c src/drivers/nrf24_platform.o
                0x0000000008003800                nRF24_LL_RW
 .text.gpio_init
                0x000000000800384c       0x5c src/main.o
                0x000000000800384c                gpio_init
 .text.main     0x00000000080038a8       0xd4 src/main.o
                0x00000000080038a8                main
 .text.NVIC_EnableIRQ
                0x000000000800397c       0x30 src/platform.o
 .text.EnableUart
                0x00000000080039ac       0x70 src/platform.o
                0x00000000080039ac                EnableUart
 .text.uart1_send
                0x0000000008003a1c       0x30 src/platform.o
                0x0000000008003a1c                uart1_send
 .text.SendString
                0x0000000008003a4c       0x4a src/platform.o
                0x0000000008003a4c                SendString
 *fill*         0x0000000008003a96        0x2 
 .text.SendUart1Dma
                0x0000000008003a98       0x78 src/platform.o
                0x0000000008003a98                SendUart1Dma
 .text.RtcClear
                0x0000000008003b10       0x78 src/rtc.o
                0x0000000008003b10                RtcClear
 .text.RTC_Init
                0x0000000008003b88       0xdc src/rtc.o
                0x0000000008003b88                RTC_Init
 .text.getCurrentTime
                0x0000000008003c64        0xe src/rtc.o
                0x0000000008003c64                getCurrentTime
 *fill*         0x0000000008003c72        0x2 
 .text.Reset_Handler
                0x0000000008003c74       0x50 src/startup_stm32f10x_md.o
                0x0000000008003c74                Reset_Handler
 .text.Default_Handler
                0x0000000008003cc4        0x2 src/startup_stm32f10x_md.o
                0x0000000008003cc4                EXTI2_IRQHandler
                0x0000000008003cc4                TIM1_CC_IRQHandler
                0x0000000008003cc4                PVD_IRQHandler
                0x0000000008003cc4                EXTI3_IRQHandler
                0x0000000008003cc4                EXTI0_IRQHandler
                0x0000000008003cc4                I2C2_EV_IRQHandler
                0x0000000008003cc4                ADC1_2_IRQHandler
                0x0000000008003cc4                SPI1_IRQHandler
                0x0000000008003cc4                TAMPER_IRQHandler
                0x0000000008003cc4                DMA1_Channel4_IRQHandler
                0x0000000008003cc4                USART3_IRQHandler
                0x0000000008003cc4                RTC_IRQHandler
                0x0000000008003cc4                DMA1_Channel7_IRQHandler
                0x0000000008003cc4                CAN1_RX1_IRQHandler
                0x0000000008003cc4                TIM4_IRQHandler
                0x0000000008003cc4                I2C1_EV_IRQHandler
                0x0000000008003cc4                DMA1_Channel6_IRQHandler
                0x0000000008003cc4                TIM3_IRQHandler
                0x0000000008003cc4                RCC_IRQHandler
                0x0000000008003cc4                TIM1_TRG_COM_IRQHandler
                0x0000000008003cc4                DMA1_Channel1_IRQHandler
                0x0000000008003cc4                Default_Handler
                0x0000000008003cc4                EXTI15_10_IRQHandler
                0x0000000008003cc4                SPI2_IRQHandler
                0x0000000008003cc4                DMA1_Channel5_IRQHandler
                0x0000000008003cc4                EXTI4_IRQHandler
                0x0000000008003cc4                USB_LP_CAN1_RX0_IRQHandler
                0x0000000008003cc4                USB_HP_CAN1_TX_IRQHandler
                0x0000000008003cc4                DMA1_Channel3_IRQHandler
                0x0000000008003cc4                TIM1_UP_IRQHandler
                0x0000000008003cc4                WWDG_IRQHandler
                0x0000000008003cc4                TIM2_IRQHandler
                0x0000000008003cc4                TIM1_BRK_IRQHandler
                0x0000000008003cc4                EXTI1_IRQHandler
                0x0000000008003cc4                RTCAlarm_IRQHandler
                0x0000000008003cc4                USART2_IRQHandler
                0x0000000008003cc4                I2C2_ER_IRQHandler
                0x0000000008003cc4                DMA1_Channel2_IRQHandler
                0x0000000008003cc4                CAN1_SCE_IRQHandler
                0x0000000008003cc4                FLASH_IRQHandler
                0x0000000008003cc4                USART1_IRQHandler
                0x0000000008003cc4                I2C1_ER_IRQHandler
                0x0000000008003cc4                USBWakeUp_IRQHandler
 .text.NMI_Handler
                0x0000000008003cc6        0xc src/stm32f1xx_it.o
                0x0000000008003cc6                NMI_Handler
 .text.HardFault_Handler
                0x0000000008003cd2        0x6 src/stm32f1xx_it.o
                0x0000000008003cd2                HardFault_Handler
 .text.MemManage_Handler
                0x0000000008003cd8        0x6 src/stm32f1xx_it.o
                0x0000000008003cd8                MemManage_Handler
 .text.BusFault_Handler
                0x0000000008003cde        0x6 src/stm32f1xx_it.o
                0x0000000008003cde                BusFault_Handler
 .text.UsageFault_Handler
                0x0000000008003ce4        0x6 src/stm32f1xx_it.o
                0x0000000008003ce4                UsageFault_Handler
 .text.DebugMon_Handler
                0x0000000008003cea        0xc src/stm32f1xx_it.o
                0x0000000008003cea                DebugMon_Handler
 *fill*         0x0000000008003cf6        0x2 
 .text.SystemInit
                0x0000000008003cf8       0x68 src/system_stm32f10x.o
                0x0000000008003cf8                SystemInit
 .text.SetSysClock
                0x0000000008003d60        0xc src/system_stm32f10x.o
 .text.SetSysClockTo72
                0x0000000008003d6c      0x100 src/system_stm32f10x.o
 .text.client_rec
                0x0000000008003e6c       0x58 threads/src/ThreadCommunication.o
                0x0000000008003e6c                client_rec
 .text.mqtt_message_cb
                0x0000000008003ec4       0x22 threads/src/ThreadCommunication.o
                0x0000000008003ec4                mqtt_message_cb
 .text.mqt_net_connect_cb
                0x0000000008003ee6       0x1c threads/src/ThreadCommunication.o
                0x0000000008003ee6                mqt_net_connect_cb
 .text.mqtt_net_read_cb
                0x0000000008003f02       0x4c threads/src/ThreadCommunication.o
                0x0000000008003f02                mqtt_net_read_cb
 .text.mqtt_net_write_cb
                0x0000000008003f4e       0x1a threads/src/ThreadCommunication.o
                0x0000000008003f4e                mqtt_net_write_cb
 .text.mqtt_net_disconnect_cb
                0x0000000008003f68       0x14 threads/src/ThreadCommunication.o
                0x0000000008003f68                mqtt_net_disconnect_cb
 .text.RadioReceiveCallback
                0x0000000008003f7c       0x36 threads/src/ThreadCommunication.o
                0x0000000008003f7c                RadioReceiveCallback
 *fill*         0x0000000008003fb2        0x2 
 .text.EXTI9_5_IRQHandler
                0x0000000008003fb4       0x1c threads/src/ThreadCommunication.o
                0x0000000008003fb4                EXTI9_5_IRQHandler
 .text.ThreadCommunication
                0x0000000008003fd0      0x1fc threads/src/ThreadCommunication.o
                0x0000000008003fd0                ThreadCommunication
 .text.ThreadServiceMode
                0x00000000080041cc       0x40 threads/src/ThreadServiceMode.o
                0x00000000080041cc                ThreadServiceMode
 .text.ConvertToExtMsg
                0x000000000800420c       0x28 threads/src/ThreadSupervisor.o
                0x000000000800420c                ConvertToExtMsg
 .text.ThreadSupervisor
                0x0000000008004234       0x68 threads/src/ThreadSupervisor.o
                0x0000000008004234                ThreadSupervisor
 .text.__libc_init_array
                0x000000000800429c       0x48 /opt/Atollic_TrueSTUDIO_for_STM32_x86_64_9.0.1/ARMTools/bin/../lib/gcc/arm-atollic-eabi/6.3.1/../../../../arm-atollic-eabi/lib/armv7-m/libc_nano.a(lib_a-init.o)
                0x000000000800429c                __libc_init_array
 .text.malloc   0x00000000080042e4       0x10 /opt/Atollic_TrueSTUDIO_for_STM32_x86_64_9.0.1/ARMTools/bin/../lib/gcc/arm-atollic-eabi/6.3.1/../../../../arm-atollic-eabi/lib/armv7-m/libc_nano.a(lib_a-malloc.o)
                0x00000000080042e4                malloc
 .text.free     0x00000000080042f4       0x10 /opt/Atollic_TrueSTUDIO_for_STM32_x86_64_9.0.1/ARMTools/bin/../lib/gcc/arm-atollic-eabi/6.3.1/../../../../arm-atollic-eabi/lib/armv7-m/libc_nano.a(lib_a-malloc.o)
                0x00000000080042f4                free
 .text.memcpy   0x0000000008004304       0x16 /opt/Atollic_TrueSTUDIO_for_STM32_x86_64_9.0.1/ARMTools/bin/../lib/gcc/arm-atollic-eabi/6.3.1/../../../../arm-atollic-eabi/lib/armv7-m/libc_nano.a(lib_a-memcpy-stub.o)
                0x0000000008004304                memcpy
 .text.memset   0x000000000800431a       0x10 /opt/Atollic_TrueSTUDIO_for_STM32_x86_64_9.0.1/ARMTools/bin/../lib/gcc/arm-atollic-eabi/6.3.1/../../../../arm-atollic-eabi/lib/armv7-m/libc_nano.a(lib_a-memset.o)
                0x000000000800431a                memset
 *fill*         0x000000000800432a        0x2 
 .text._free_r  0x000000000800432c       0x98 /opt/Atollic_TrueSTUDIO_for_STM32_x86_64_9.0.1/ARMTools/bin/../lib/gcc/arm-atollic-eabi/6.3.1/../../../../arm-atollic-eabi/lib/armv7-m/libc_nano.a(lib_a-nano-freer.o)
                0x000000000800432c                _free_r
 .text._malloc_r
                0x00000000080043c4       0xbc /opt/Atollic_TrueSTUDIO_for_STM32_x86_64_9.0.1/ARMTools/bin/../lib/gcc/arm-atollic-eabi/6.3.1/../../../../arm-atollic-eabi/lib/armv7-m/libc_nano.a(lib_a-nano-mallocr.o)
                0x00000000080043c4                _malloc_r
 .text._sbrk_r  0x0000000008004480       0x20 /opt/Atollic_TrueSTUDIO_for_STM32_x86_64_9.0.1/ARMTools/bin/../lib/gcc/arm-atollic-eabi/6.3.1/../../../../arm-atollic-eabi/lib/armv7-m/libc_nano.a(lib_a-sbrkr.o)
                0x0000000008004480                _sbrk_r
 .text.__malloc_lock
                0x00000000080044a0        0x2 /opt/Atollic_TrueSTUDIO_for_STM32_x86_64_9.0.1/ARMTools/bin/../lib/gcc/arm-atollic-eabi/6.3.1/../../../../arm-atollic-eabi/lib/armv7-m/libc_nano.a(lib_a-mlock.o)
                0x00000000080044a0                __malloc_lock
 .text.__malloc_unlock
                0x00000000080044a2        0x2 /opt/Atollic_TrueSTUDIO_for_STM32_x86_64_9.0.1/ARMTools/bin/../lib/gcc/arm-atollic-eabi/6.3.1/../../../../arm-atollic-eabi/lib/armv7-m/libc_nano.a(lib_a-mlock.o)
                0x00000000080044a2                __malloc_unlock
 .text._sbrk    0x00000000080044a4       0x1c /opt/Atollic_TrueSTUDIO_for_STM32_x86_64_9.0.1/ARMTools/bin/../lib/gcc/arm-atollic-eabi/6.3.1/../../../../arm-atollic-eabi/lib/armv7-m/libnosys.a(sbrk.o)
                0x00000000080044a4                _sbrk
 *(.glue_7)
 .glue_7        0x00000000080044c0        0x0 linker stubs
 *(.glue_7t)
 .glue_7t       0x00000000080044c0        0x0 linker stubs
 *(.eh_frame)
 .eh_frame      0x00000000080044c0        0x0 /opt/Atollic_TrueSTUDIO_for_STM32_x86_64_9.0.1/ARMTools/bin/../lib/gcc/arm-atollic-eabi/6.3.1/armv7-m/crtbegin.o
 *(.init)
 .init          0x00000000080044c0        0x4 /opt/Atollic_TrueSTUDIO_for_STM32_x86_64_9.0.1/ARMTools/bin/../lib/gcc/arm-atollic-eabi/6.3.1/armv7-m/crti.o
                0x00000000080044c0                _init
 .init          0x00000000080044c4        0x8 /opt/Atollic_TrueSTUDIO_for_STM32_x86_64_9.0.1/ARMTools/bin/../lib/gcc/arm-atollic-eabi/6.3.1/armv7-m/crtn.o
 *(.fini)
 .fini          0x00000000080044cc        0x4 /opt/Atollic_TrueSTUDIO_for_STM32_x86_64_9.0.1/ARMTools/bin/../lib/gcc/arm-atollic-eabi/6.3.1/armv7-m/crti.o
                0x00000000080044cc                _fini
 .fini          0x00000000080044d0        0x8 /opt/Atollic_TrueSTUDIO_for_STM32_x86_64_9.0.1/ARMTools/bin/../lib/gcc/arm-atollic-eabi/6.3.1/armv7-m/crtn.o
                0x00000000080044d8                . = ALIGN (0x4)
                0x00000000080044d8                _etext = .

.vfp11_veneer   0x00000000080044d8        0x0
 .vfp11_veneer  0x00000000080044d8        0x0 linker stubs

.v4_bx          0x00000000080044d8        0x0
 .v4_bx         0x00000000080044d8        0x0 linker stubs

.iplt           0x00000000080044d8        0x0
 .iplt          0x00000000080044d8        0x0 /opt/Atollic_TrueSTUDIO_for_STM32_x86_64_9.0.1/ARMTools/bin/../lib/gcc/arm-atollic-eabi/6.3.1/armv7-m/crtbegin.o

.rodata         0x00000000080044d8      0x100
                0x00000000080044d8                . = ALIGN (0x4)
 *(.rodata)
 .rodata        0x00000000080044d8        0x5 FreeRTOS/source/tasks.o
 *fill*         0x00000000080044dd        0x3 
 .rodata        0x00000000080044e0        0xa mqttClient/src/mqtt_packet.o
 *fill*         0x00000000080044ea        0x2 
 .rodata        0x00000000080044ec       0x28 src/main.o
 .rodata        0x0000000008004514       0x99 threads/src/ThreadCommunication.o
 *fill*         0x00000000080045ad        0x3 
 .rodata        0x00000000080045b0       0x14 threads/src/ThreadServiceMode.o
 .rodata        0x00000000080045c4       0x13 threads/src/ThreadSupervisor.o
 *(.rodata*)
                0x00000000080045d8                . = ALIGN (0x4)
 *fill*         0x00000000080045d7        0x1 

.rel.dyn        0x00000000080045d8        0x0
 .rel.iplt      0x00000000080045d8        0x0 /opt/Atollic_TrueSTUDIO_for_STM32_x86_64_9.0.1/ARMTools/bin/../lib/gcc/arm-atollic-eabi/6.3.1/armv7-m/crtbegin.o

.ARM.extab
 *(.ARM.extab* .gnu.linkonce.armextab.*)

.ARM            0x00000000080045d8        0x0
                0x00000000080045d8                __exidx_start = .
 *(.ARM.exidx*)
                0x00000000080045d8                __exidx_end = .

.preinit_array  0x00000000080045d8        0x0
                0x00000000080045d8                PROVIDE (__preinit_array_start, .)
 *(.preinit_array*)
                0x00000000080045d8                PROVIDE (__preinit_array_end, .)

.init_array     0x00000000080045d8        0x4
                0x00000000080045d8                PROVIDE (__init_array_start, .)
 *(SORT(.init_array.*))
 *(.init_array*)
 .init_array    0x00000000080045d8        0x4 /opt/Atollic_TrueSTUDIO_for_STM32_x86_64_9.0.1/ARMTools/bin/../lib/gcc/arm-atollic-eabi/6.3.1/armv7-m/crtbegin.o
                0x00000000080045dc                PROVIDE (__init_array_end, .)

.fini_array     0x00000000080045dc        0x4
                [!provide]                        PROVIDE (__fini_array_start, .)
 *(SORT(.fini_array.*))
 *(.fini_array*)
 .fini_array    0x00000000080045dc        0x4 /opt/Atollic_TrueSTUDIO_for_STM32_x86_64_9.0.1/ARMTools/bin/../lib/gcc/arm-atollic-eabi/6.3.1/armv7-m/crtbegin.o
                [!provide]                        PROVIDE (__fini_array_end, .)
                0x00000000080045e0                _sidata = LOADADDR (.data)

.data           0x0000000020000000       0x68 load address 0x00000000080045e0
                0x0000000020000000                . = ALIGN (0x4)
                0x0000000020000000                _sdata = .
 *(.data)
 *(.data*)
 .data.uxCriticalNesting
                0x0000000020000000        0x4 FreeRTOS/source/port.o
 .data._impure_ptr
                0x0000000020000004        0x4 /opt/Atollic_TrueSTUDIO_for_STM32_x86_64_9.0.1/ARMTools/bin/../lib/gcc/arm-atollic-eabi/6.3.1/../../../../arm-atollic-eabi/lib/armv7-m/libc_nano.a(lib_a-impure.o)
                0x0000000020000004                _impure_ptr
 .data.impure_data
                0x0000000020000008       0x60 /opt/Atollic_TrueSTUDIO_for_STM32_x86_64_9.0.1/ARMTools/bin/../lib/gcc/arm-atollic-eabi/6.3.1/../../../../arm-atollic-eabi/lib/armv7-m/libc_nano.a(lib_a-impure.o)
                0x0000000020000068                . = ALIGN (0x4)
                0x0000000020000068                _edata = .

.igot.plt       0x0000000020000068        0x0 load address 0x0000000008004648
 .igot.plt      0x0000000020000068        0x0 /opt/Atollic_TrueSTUDIO_for_STM32_x86_64_9.0.1/ARMTools/bin/../lib/gcc/arm-atollic-eabi/6.3.1/armv7-m/crtbegin.o
                0x0000000020000068                . = ALIGN (0x4)

.bss            0x0000000020000068      0x140 load address 0x0000000008004648
                0x0000000020000068                _sbss = .
                0x0000000020000068                __bss_start__ = _sbss
 *(.bss)
 .bss           0x0000000020000068       0x1c /opt/Atollic_TrueSTUDIO_for_STM32_x86_64_9.0.1/ARMTools/bin/../lib/gcc/arm-atollic-eabi/6.3.1/armv7-m/crtbegin.o
 *(.bss*)
 .bss.pxCurrentTCB
                0x0000000020000084        0x4 FreeRTOS/source/tasks.o
                0x0000000020000084                pxCurrentTCB
 .bss.pxReadyTasksLists
                0x0000000020000088       0x64 FreeRTOS/source/tasks.o
 .bss.xDelayedTaskList1
                0x00000000200000ec       0x14 FreeRTOS/source/tasks.o
 .bss.xDelayedTaskList2
                0x0000000020000100       0x14 FreeRTOS/source/tasks.o
 .bss.pxDelayedTaskList
                0x0000000020000114        0x4 FreeRTOS/source/tasks.o
 .bss.pxOverflowDelayedTaskList
                0x0000000020000118        0x4 FreeRTOS/source/tasks.o
 .bss.xPendingReadyList
                0x000000002000011c       0x14 FreeRTOS/source/tasks.o
 .bss.xTasksWaitingTermination
                0x0000000020000130       0x14 FreeRTOS/source/tasks.o
 .bss.uxDeletedTasksWaitingCleanUp
                0x0000000020000144        0x4 FreeRTOS/source/tasks.o
 .bss.xSuspendedTaskList
                0x0000000020000148       0x14 FreeRTOS/source/tasks.o
 .bss.uxCurrentNumberOfTasks
                0x000000002000015c        0x4 FreeRTOS/source/tasks.o
 .bss.xTickCount
                0x0000000020000160        0x4 FreeRTOS/source/tasks.o
 .bss.uxTopReadyPriority
                0x0000000020000164        0x4 FreeRTOS/source/tasks.o
 .bss.xSchedulerRunning
                0x0000000020000168        0x4 FreeRTOS/source/tasks.o
 .bss.uxPendedTicks
                0x000000002000016c        0x4 FreeRTOS/source/tasks.o
 .bss.xYieldPending
                0x0000000020000170        0x4 FreeRTOS/source/tasks.o
 .bss.xNumOfOverflows
                0x0000000020000174        0x4 FreeRTOS/source/tasks.o
 .bss.uxTaskNumber
                0x0000000020000178        0x4 FreeRTOS/source/tasks.o
 .bss.xNextTaskUnblockTime
                0x000000002000017c        0x4 FreeRTOS/source/tasks.o
 .bss.xIdleTaskHandle
                0x0000000020000180        0x4 FreeRTOS/source/tasks.o
 .bss.uxSchedulerSuspended
                0x0000000020000184        0x4 FreeRTOS/source/tasks.o
 .bss.__malloc_free_list
                0x0000000020000188        0x4 /opt/Atollic_TrueSTUDIO_for_STM32_x86_64_9.0.1/ARMTools/bin/../lib/gcc/arm-atollic-eabi/6.3.1/../../../../arm-atollic-eabi/lib/armv7-m/libc_nano.a(lib_a-nano-mallocr.o)
                0x0000000020000188                __malloc_free_list
 .bss.__malloc_sbrk_start
                0x000000002000018c        0x4 /opt/Atollic_TrueSTUDIO_for_STM32_x86_64_9.0.1/ARMTools/bin/../lib/gcc/arm-atollic-eabi/6.3.1/../../../../arm-atollic-eabi/lib/armv7-m/libc_nano.a(lib_a-nano-mallocr.o)
                0x000000002000018c                __malloc_sbrk_start
 .bss.heap_end.4116
                0x0000000020000190        0x4 /opt/Atollic_TrueSTUDIO_for_STM32_x86_64_9.0.1/ARMTools/bin/../lib/gcc/arm-atollic-eabi/6.3.1/../../../../arm-atollic-eabi/lib/armv7-m/libnosys.a(sbrk.o)
 *(COMMON)
 COMMON         0x0000000020000194        0x1 src/drivers/nrf24.o
                0x0000000020000194                payload_len
 *fill*         0x0000000020000195        0x3 
 COMMON         0x0000000020000198        0xc src/main.o
                0x0000000020000198                logMsgQueue
                0x000000002000019c                internalMsgQueue
                0x00000000200001a0                externalMsgQueue
 COMMON         0x00000000200001a4        0x4 /opt/Atollic_TrueSTUDIO_for_STM32_x86_64_9.0.1/ARMTools/bin/../lib/gcc/arm-atollic-eabi/6.3.1/../../../../arm-atollic-eabi/lib/armv7-m/libc_nano.a(lib_a-reent.o)
                0x00000000200001a4                errno
                0x00000000200001a8                . = ALIGN (0x4)
                0x00000000200001a8                _ebss = .
                0x00000000200001a8                __bss_end__ = _ebss

._user_heap_stack
                0x00000000200001a8     0x1000 load address 0x0000000008004648
                0x00000000200001a8                . = ALIGN (0x4)
                0x00000000200001a8                PROVIDE (end, .)
                [!provide]                        PROVIDE (_end, .)
                0x00000000200001a8                . = (. + _Min_Heap_Size)
                0x00000000200011a8                . = (. + _Min_Stack_Size)
 *fill*         0x00000000200001a8     0x1000 
                0x00000000200011a8                . = ALIGN (0x4)

.memory_b1_text
 *(.mb1text)
 *(.mb1text*)
 *(.mb1rodata)
 *(.mb1rodata*)

/DISCARD/
 libc.a(*)
 libm.a(*)
 libgcc.a(*)

.ARM.attributes
                0x0000000000000000       0x29
 *(.ARM.attributes)
 .ARM.attributes
                0x0000000000000000       0x1d /opt/Atollic_TrueSTUDIO_for_STM32_x86_64_9.0.1/ARMTools/bin/../lib/gcc/arm-atollic-eabi/6.3.1/armv7-m/crti.o
 .ARM.attributes
                0x000000000000001d       0x2d /opt/Atollic_TrueSTUDIO_for_STM32_x86_64_9.0.1/ARMTools/bin/../lib/gcc/arm-atollic-eabi/6.3.1/armv7-m/crtbegin.o
 .ARM.attributes
                0x000000000000004a       0x33 FreeRTOS/source/heap_3.o
 .ARM.attributes
                0x000000000000007d       0x33 FreeRTOS/source/list.o
 .ARM.attributes
                0x00000000000000b0       0x33 FreeRTOS/source/port.o
 .ARM.attributes
                0x00000000000000e3       0x33 FreeRTOS/source/queue.o
 .ARM.attributes
                0x0000000000000116       0x33 FreeRTOS/source/tasks.o
 .ARM.attributes
                0x0000000000000149       0x33 Libraries/STM32F10x_StdPeriph_Driver/src/stm32f10x_gpio.o
 .ARM.attributes
                0x000000000000017c       0x33 Libraries/STM32F10x_StdPeriph_Driver/src/stm32f10x_rcc.o
 .ARM.attributes
                0x00000000000001af       0x33 Libraries/STM32F10x_StdPeriph_Driver/src/stm32f10x_spi.o
 .ARM.attributes
                0x00000000000001e2       0x33 mqttClient/src/mqtt_client.o
 .ARM.attributes
                0x0000000000000215       0x33 mqttClient/src/mqtt_packet.o
 .ARM.attributes
                0x0000000000000248       0x33 mqttClient/src/mqtt_socket.o
 .ARM.attributes
                0x000000000000027b       0x33 src/drivers/gpio.o
 .ARM.attributes
                0x00000000000002ae       0x33 src/drivers/nrf24.o
 .ARM.attributes
                0x00000000000002e1       0x33 src/drivers/nrf24_platform.o
 .ARM.attributes
                0x0000000000000314       0x33 src/main.o
 .ARM.attributes
                0x0000000000000347       0x33 src/platform.o
 .ARM.attributes
                0x000000000000037a       0x33 src/rtc.o
 .ARM.attributes
                0x00000000000003ad       0x21 src/startup_stm32f10x_md.o
 .ARM.attributes
                0x00000000000003ce       0x33 src/stm32f1xx_it.o
 .ARM.attributes
                0x0000000000000401       0x33 src/system_stm32f10x.o
 .ARM.attributes
                0x0000000000000434       0x33 threads/src/ThreadCommunication.o
 .ARM.attributes
                0x0000000000000467       0x33 threads/src/ThreadServiceMode.o
 .ARM.attributes
                0x000000000000049a       0x33 threads/src/ThreadSupervisor.o
 .ARM.attributes
                0x00000000000004cd       0x2d /opt/Atollic_TrueSTUDIO_for_STM32_x86_64_9.0.1/ARMTools/bin/../lib/gcc/arm-atollic-eabi/6.3.1/../../../../arm-atollic-eabi/lib/armv7-m/libc_nano.a(lib_a-init.o)
 .ARM.attributes
                0x00000000000004fa       0x2d /opt/Atollic_TrueSTUDIO_for_STM32_x86_64_9.0.1/ARMTools/bin/../lib/gcc/arm-atollic-eabi/6.3.1/../../../../arm-atollic-eabi/lib/armv7-m/libc_nano.a(lib_a-malloc.o)
 .ARM.attributes
                0x0000000000000527       0x2d /opt/Atollic_TrueSTUDIO_for_STM32_x86_64_9.0.1/ARMTools/bin/../lib/gcc/arm-atollic-eabi/6.3.1/../../../../arm-atollic-eabi/lib/armv7-m/libc_nano.a(lib_a-memcpy-stub.o)
 .ARM.attributes
                0x0000000000000554       0x2d /opt/Atollic_TrueSTUDIO_for_STM32_x86_64_9.0.1/ARMTools/bin/../lib/gcc/arm-atollic-eabi/6.3.1/../../../../arm-atollic-eabi/lib/armv7-m/libc_nano.a(lib_a-memset.o)
 .ARM.attributes
                0x0000000000000581       0x2d /opt/Atollic_TrueSTUDIO_for_STM32_x86_64_9.0.1/ARMTools/bin/../lib/gcc/arm-atollic-eabi/6.3.1/../../../../arm-atollic-eabi/lib/armv7-m/libc_nano.a(lib_a-nano-freer.o)
 .ARM.attributes
                0x00000000000005ae       0x2d /opt/Atollic_TrueSTUDIO_for_STM32_x86_64_9.0.1/ARMTools/bin/../lib/gcc/arm-atollic-eabi/6.3.1/../../../../arm-atollic-eabi/lib/armv7-m/libc_nano.a(lib_a-nano-mallocr.o)
 .ARM.attributes
                0x00000000000005db       0x2d /opt/Atollic_TrueSTUDIO_for_STM32_x86_64_9.0.1/ARMTools/bin/../lib/gcc/arm-atollic-eabi/6.3.1/../../../../arm-atollic-eabi/lib/armv7-m/libc_nano.a(lib_a-sbrkr.o)
 .ARM.attributes
                0x0000000000000608       0x17 /opt/Atollic_TrueSTUDIO_for_STM32_x86_64_9.0.1/ARMTools/bin/../lib/gcc/arm-atollic-eabi/6.3.1/../../../../arm-atollic-eabi/lib/armv7-m/libc_nano.a(lib_a-strlen.o)
 .ARM.attributes
                0x000000000000061f       0x2d /opt/Atollic_TrueSTUDIO_for_STM32_x86_64_9.0.1/ARMTools/bin/../lib/gcc/arm-atollic-eabi/6.3.1/../../../../arm-atollic-eabi/lib/armv7-m/libc_nano.a(lib_a-impure.o)
 .ARM.attributes
                0x000000000000064c       0x2d /opt/Atollic_TrueSTUDIO_for_STM32_x86_64_9.0.1/ARMTools/bin/../lib/gcc/arm-atollic-eabi/6.3.1/../../../../arm-atollic-eabi/lib/armv7-m/libc_nano.a(lib_a-mlock.o)
 .ARM.attributes
                0x0000000000000679       0x2d /opt/Atollic_TrueSTUDIO_for_STM32_x86_64_9.0.1/ARMTools/bin/../lib/gcc/arm-atollic-eabi/6.3.1/../../../../arm-atollic-eabi/lib/armv7-m/libc_nano.a(lib_a-reent.o)
 .ARM.attributes
                0x00000000000006a6       0x2d /opt/Atollic_TrueSTUDIO_for_STM32_x86_64_9.0.1/ARMTools/bin/../lib/gcc/arm-atollic-eabi/6.3.1/../../../../arm-atollic-eabi/lib/armv7-m/libnosys.a(sbrk.o)
 .ARM.attributes
                0x00000000000006d3       0x1d /opt/Atollic_TrueSTUDIO_for_STM32_x86_64_9.0.1/ARMTools/bin/../lib/gcc/arm-atollic-eabi/6.3.1/armv7-m/crtn.o
OUTPUT(home_control_node.elf elf32-littlearm)

.debug_info     0x0000000000000000    0x103f6
 .debug_info    0x0000000000000000      0x8f7 FreeRTOS/source/heap_3.o
 .debug_info    0x00000000000008f7      0xab8 FreeRTOS/source/list.o
 .debug_info    0x00000000000013af      0x2d2 FreeRTOS/source/port.o
 .debug_info    0x0000000000001681     0x1624 FreeRTOS/source/queue.o
 .debug_info    0x0000000000002ca5     0x203d FreeRTOS/source/tasks.o
 .debug_info    0x0000000000004ce2      0x701 Libraries/STM32F10x_StdPeriph_Driver/src/stm32f10x_gpio.o
 .debug_info    0x00000000000053e3      0x8b2 Libraries/STM32F10x_StdPeriph_Driver/src/stm32f10x_rcc.o
 .debug_info    0x0000000000005c95      0x906 Libraries/STM32F10x_StdPeriph_Driver/src/stm32f10x_spi.o
 .debug_info    0x000000000000659b     0x15ff mqttClient/src/mqtt_client.o
 .debug_info    0x0000000000007b9a     0x1b2a mqttClient/src/mqtt_packet.o
 .debug_info    0x00000000000096c4      0xfac mqttClient/src/mqtt_socket.o
 .debug_info    0x000000000000a670      0x70b src/drivers/gpio.o
 .debug_info    0x000000000000ad7b      0xfc2 src/drivers/nrf24.o
 .debug_info    0x000000000000bd3d      0x4b9 src/drivers/nrf24_platform.o
 .debug_info    0x000000000000c1f6      0xbc3 src/main.o
 .debug_info    0x000000000000cdb9      0x61d src/platform.o
 .debug_info    0x000000000000d3d6      0xb52 src/rtc.o
 .debug_info    0x000000000000df28       0x7b src/startup_stm32f10x_md.o
 .debug_info    0x000000000000dfa3      0x121 src/stm32f1xx_it.o
 .debug_info    0x000000000000e0c4      0x4a7 src/system_stm32f10x.o
 .debug_info    0x000000000000e56b     0x132e threads/src/ThreadCommunication.o
 .debug_info    0x000000000000f899      0x107 threads/src/ThreadServiceMode.o
 .debug_info    0x000000000000f9a0      0xa56 threads/src/ThreadSupervisor.o

.debug_abbrev   0x0000000000000000     0x29a3
 .debug_abbrev  0x0000000000000000      0x1ba FreeRTOS/source/heap_3.o
 .debug_abbrev  0x00000000000001ba      0x1c5 FreeRTOS/source/list.o
 .debug_abbrev  0x000000000000037f      0x1c1 FreeRTOS/source/port.o
 .debug_abbrev  0x0000000000000540      0x2a3 FreeRTOS/source/queue.o
 .debug_abbrev  0x00000000000007e3      0x36b FreeRTOS/source/tasks.o
 .debug_abbrev  0x0000000000000b4e      0x1dd Libraries/STM32F10x_StdPeriph_Driver/src/stm32f10x_gpio.o
 .debug_abbrev  0x0000000000000d2b      0x1cf Libraries/STM32F10x_StdPeriph_Driver/src/stm32f10x_rcc.o
 .debug_abbrev  0x0000000000000efa      0x1ab Libraries/STM32F10x_StdPeriph_Driver/src/stm32f10x_spi.o
 .debug_abbrev  0x00000000000010a5      0x270 mqttClient/src/mqtt_client.o
 .debug_abbrev  0x0000000000001315      0x26b mqttClient/src/mqtt_packet.o
 .debug_abbrev  0x0000000000001580      0x242 mqttClient/src/mqtt_socket.o
 .debug_abbrev  0x00000000000017c2      0x18e src/drivers/gpio.o
 .debug_abbrev  0x0000000000001950      0x2e9 src/drivers/nrf24.o
 .debug_abbrev  0x0000000000001c39      0x136 src/drivers/nrf24_platform.o
 .debug_abbrev  0x0000000000001d6f      0x1e4 src/main.o
 .debug_abbrev  0x0000000000001f53      0x1c0 src/platform.o
 .debug_abbrev  0x0000000000002113      0x19f src/rtc.o
 .debug_abbrev  0x00000000000022b2       0x12 src/startup_stm32f10x_md.o
 .debug_abbrev  0x00000000000022c4       0x78 src/stm32f1xx_it.o
 .debug_abbrev  0x000000000000233c      0x16e src/system_stm32f10x.o
 .debug_abbrev  0x00000000000024aa      0x266 threads/src/ThreadCommunication.o
 .debug_abbrev  0x0000000000002710       0xb8 threads/src/ThreadServiceMode.o
 .debug_abbrev  0x00000000000027c8      0x1db threads/src/ThreadSupervisor.o

.debug_aranges  0x0000000000000000      0xb50
 .debug_aranges
                0x0000000000000000       0x28 FreeRTOS/source/heap_3.o
 .debug_aranges
                0x0000000000000028       0x40 FreeRTOS/source/list.o
 .debug_aranges
                0x0000000000000068       0x70 FreeRTOS/source/port.o
 .debug_aranges
                0x00000000000000d8       0xf8 FreeRTOS/source/queue.o
 .debug_aranges
                0x00000000000001d0      0x1c8 FreeRTOS/source/tasks.o
 .debug_aranges
                0x0000000000000398       0xa8 Libraries/STM32F10x_StdPeriph_Driver/src/stm32f10x_gpio.o
 .debug_aranges
                0x0000000000000440      0x118 Libraries/STM32F10x_StdPeriph_Driver/src/stm32f10x_rcc.o
 .debug_aranges
                0x0000000000000558       0xd0 Libraries/STM32F10x_StdPeriph_Driver/src/stm32f10x_spi.o
 .debug_aranges
                0x0000000000000628       0x80 mqttClient/src/mqtt_client.o
 .debug_aranges
                0x00000000000006a8       0xd8 mqttClient/src/mqtt_packet.o
 .debug_aranges
                0x0000000000000780       0x50 mqttClient/src/mqtt_socket.o
 .debug_aranges
                0x00000000000007d0       0x60 src/drivers/gpio.o
 .debug_aranges
                0x0000000000000830      0x108 src/drivers/nrf24.o
 .debug_aranges
                0x0000000000000938       0x28 src/drivers/nrf24_platform.o
 .debug_aranges
                0x0000000000000960       0x28 src/main.o
 .debug_aranges
                0x0000000000000988       0x48 src/platform.o
 .debug_aranges
                0x00000000000009d0       0x30 src/rtc.o
 .debug_aranges
                0x0000000000000a00       0x28 src/startup_stm32f10x_md.o
 .debug_aranges
                0x0000000000000a28       0x48 src/stm32f1xx_it.o
 .debug_aranges
                0x0000000000000a70       0x38 src/system_stm32f10x.o
 .debug_aranges
                0x0000000000000aa8       0x60 threads/src/ThreadCommunication.o
 .debug_aranges
                0x0000000000000b08       0x20 threads/src/ThreadServiceMode.o
 .debug_aranges
                0x0000000000000b28       0x28 threads/src/ThreadSupervisor.o

.debug_ranges   0x0000000000000000      0xa18
 .debug_ranges  0x0000000000000000       0x18 FreeRTOS/source/heap_3.o
 .debug_ranges  0x0000000000000018       0x30 FreeRTOS/source/list.o
 .debug_ranges  0x0000000000000048       0x60 FreeRTOS/source/port.o
 .debug_ranges  0x00000000000000a8       0xe8 FreeRTOS/source/queue.o
 .debug_ranges  0x0000000000000190      0x1b8 FreeRTOS/source/tasks.o
 .debug_ranges  0x0000000000000348       0x98 Libraries/STM32F10x_StdPeriph_Driver/src/stm32f10x_gpio.o
 .debug_ranges  0x00000000000003e0      0x108 Libraries/STM32F10x_StdPeriph_Driver/src/stm32f10x_rcc.o
 .debug_ranges  0x00000000000004e8       0xc0 Libraries/STM32F10x_StdPeriph_Driver/src/stm32f10x_spi.o
 .debug_ranges  0x00000000000005a8       0xa0 mqttClient/src/mqtt_client.o
 .debug_ranges  0x0000000000000648       0xc8 mqttClient/src/mqtt_packet.o
 .debug_ranges  0x0000000000000710       0x40 mqttClient/src/mqtt_socket.o
 .debug_ranges  0x0000000000000750       0x50 src/drivers/gpio.o
 .debug_ranges  0x00000000000007a0       0xf8 src/drivers/nrf24.o
 .debug_ranges  0x0000000000000898       0x18 src/drivers/nrf24_platform.o
 .debug_ranges  0x00000000000008b0       0x18 src/main.o
 .debug_ranges  0x00000000000008c8       0x38 src/platform.o
 .debug_ranges  0x0000000000000900       0x20 src/rtc.o
 .debug_ranges  0x0000000000000920       0x20 src/startup_stm32f10x_md.o
 .debug_ranges  0x0000000000000940       0x38 src/stm32f1xx_it.o
 .debug_ranges  0x0000000000000978       0x28 src/system_stm32f10x.o
 .debug_ranges  0x00000000000009a0       0x50 threads/src/ThreadCommunication.o
 .debug_ranges  0x00000000000009f0       0x10 threads/src/ThreadServiceMode.o
 .debug_ranges  0x0000000000000a00       0x18 threads/src/ThreadSupervisor.o

.debug_line     0x0000000000000000     0x5118
 .debug_line    0x0000000000000000      0x1a6 FreeRTOS/source/heap_3.o
 .debug_line    0x00000000000001a6      0x2d4 FreeRTOS/source/list.o
 .debug_line    0x000000000000047a      0x283 FreeRTOS/source/port.o
 .debug_line    0x00000000000006fd      0x650 FreeRTOS/source/queue.o
 .debug_line    0x0000000000000d4d      0xb6b FreeRTOS/source/tasks.o
 .debug_line    0x00000000000018b8      0x3d3 Libraries/STM32F10x_StdPeriph_Driver/src/stm32f10x_gpio.o
 .debug_line    0x0000000000001c8b      0x4ce Libraries/STM32F10x_StdPeriph_Driver/src/stm32f10x_rcc.o
 .debug_line    0x0000000000002159      0x430 Libraries/STM32F10x_StdPeriph_Driver/src/stm32f10x_spi.o
 .debug_line    0x0000000000002589      0x4a2 mqttClient/src/mqtt_client.o
 .debug_line    0x0000000000002a2b      0x5d1 mqttClient/src/mqtt_packet.o
 .debug_line    0x0000000000002ffc      0x32f mqttClient/src/mqtt_socket.o
 .debug_line    0x000000000000332b      0x254 src/drivers/gpio.o
 .debug_line    0x000000000000357f      0x4f6 src/drivers/nrf24.o
 .debug_line    0x0000000000003a75      0x230 src/drivers/nrf24_platform.o
 .debug_line    0x0000000000003ca5      0x343 src/main.o
 .debug_line    0x0000000000003fe8      0x214 src/platform.o
 .debug_line    0x00000000000041fc      0x2c5 src/rtc.o
 .debug_line    0x00000000000044c1       0x7c src/startup_stm32f10x_md.o
 .debug_line    0x000000000000453d      0x1e7 src/stm32f1xx_it.o
 .debug_line    0x0000000000004724      0x234 src/system_stm32f10x.o
 .debug_line    0x0000000000004958      0x43c threads/src/ThreadCommunication.o
 .debug_line    0x0000000000004d94       0xb3 threads/src/ThreadServiceMode.o
 .debug_line    0x0000000000004e47      0x2d1 threads/src/ThreadSupervisor.o

.debug_str      0x0000000000000000     0x3df8
 .debug_str     0x0000000000000000      0x572 FreeRTOS/source/heap_3.o
                                        0x5f0 (size before relaxing)
 .debug_str     0x0000000000000572      0x159 FreeRTOS/source/list.o
                                        0x70e (size before relaxing)
 .debug_str     0x00000000000006cb      0x172 FreeRTOS/source/port.o
                                        0x323 (size before relaxing)
 .debug_str     0x000000000000083d      0x4db FreeRTOS/source/queue.o
                                        0xbc6 (size before relaxing)
 .debug_str     0x0000000000000d18      0xb6b FreeRTOS/source/tasks.o
                                       0x135c (size before relaxing)
 .debug_str     0x0000000000001883      0x3d7 Libraries/STM32F10x_StdPeriph_Driver/src/stm32f10x_gpio.o
                                        0x58d (size before relaxing)
 .debug_str     0x0000000000001c5a      0x440 Libraries/STM32F10x_StdPeriph_Driver/src/stm32f10x_rcc.o
                                        0x68e (size before relaxing)
 .debug_str     0x000000000000209a      0x3ce Libraries/STM32F10x_StdPeriph_Driver/src/stm32f10x_spi.o
                                        0x671 (size before relaxing)
 .debug_str     0x0000000000002468      0x8cd mqttClient/src/mqtt_client.o
                                        0xfd3 (size before relaxing)
 .debug_str     0x0000000000002d35      0x3db mqttClient/src/mqtt_packet.o
                                       0x11ec (size before relaxing)
 .debug_str     0x0000000000003110       0xe5 mqttClient/src/mqtt_socket.o
                                        0xab5 (size before relaxing)
 .debug_str     0x00000000000031f5      0x3e2 src/drivers/gpio.o
                                        0x666 (size before relaxing)
 .debug_str     0x00000000000035d7      0x2c4 src/drivers/nrf24.o
                                        0x906 (size before relaxing)
 .debug_str     0x000000000000389b       0x66 src/drivers/nrf24_platform.o
                                        0x4ba (size before relaxing)
 .debug_str     0x0000000000003901       0x7a src/main.o
                                        0x815 (size before relaxing)
 .debug_str     0x000000000000397b       0xa0 src/platform.o
                                        0x624 (size before relaxing)
 .debug_str     0x0000000000003a1b       0x78 src/rtc.o
                                        0x72d (size before relaxing)
 .debug_str     0x0000000000003a93       0x7b src/stm32f1xx_it.o
                                        0x228 (size before relaxing)
 .debug_str     0x0000000000003b0e       0xc6 src/system_stm32f10x.o
                                        0x32f (size before relaxing)
 .debug_str     0x0000000000003bd4      0x132 threads/src/ThreadCommunication.o
                                        0xbce (size before relaxing)
 .debug_str     0x0000000000003d06       0x41 threads/src/ThreadServiceMode.o
                                        0x1f9 (size before relaxing)
 .debug_str     0x0000000000003d47       0xb1 threads/src/ThreadSupervisor.o
                                        0x6f0 (size before relaxing)

.comment        0x0000000000000000       0x7c
 .comment       0x0000000000000000       0x7c FreeRTOS/source/heap_3.o
                                         0x7d (size before relaxing)
 .comment       0x000000000000007c       0x7d FreeRTOS/source/list.o
 .comment       0x000000000000007c       0x7d FreeRTOS/source/port.o
 .comment       0x000000000000007c       0x7d FreeRTOS/source/queue.o
 .comment       0x000000000000007c       0x7d FreeRTOS/source/tasks.o
 .comment       0x000000000000007c       0x7d Libraries/STM32F10x_StdPeriph_Driver/src/stm32f10x_gpio.o
 .comment       0x000000000000007c       0x7d Libraries/STM32F10x_StdPeriph_Driver/src/stm32f10x_rcc.o
 .comment       0x000000000000007c       0x7d Libraries/STM32F10x_StdPeriph_Driver/src/stm32f10x_spi.o
 .comment       0x000000000000007c       0x7d mqttClient/src/mqtt_client.o
 .comment       0x000000000000007c       0x7d mqttClient/src/mqtt_packet.o
 .comment       0x000000000000007c       0x7d mqttClient/src/mqtt_socket.o
 .comment       0x000000000000007c       0x7d src/drivers/gpio.o
 .comment       0x000000000000007c       0x7d src/drivers/nrf24.o
 .comment       0x000000000000007c       0x7d src/drivers/nrf24_platform.o
 .comment       0x000000000000007c       0x7d src/main.o
 .comment       0x000000000000007c       0x7d src/platform.o
 .comment       0x000000000000007c       0x7d src/rtc.o
 .comment       0x000000000000007c       0x7d src/stm32f1xx_it.o
 .comment       0x000000000000007c       0x7d src/system_stm32f10x.o
 .comment       0x000000000000007c       0x7d threads/src/ThreadCommunication.o
 .comment       0x000000000000007c       0x7d threads/src/ThreadServiceMode.o
 .comment       0x000000000000007c       0x7d threads/src/ThreadSupervisor.o

.debug_frame    0x0000000000000000     0x2d3c
 .debug_frame   0x0000000000000000       0x58 FreeRTOS/source/heap_3.o
 .debug_frame   0x0000000000000058       0xd8 FreeRTOS/source/list.o
 .debug_frame   0x0000000000000130      0x154 FreeRTOS/source/port.o
 .debug_frame   0x0000000000000284      0x420 FreeRTOS/source/queue.o
 .debug_frame   0x00000000000006a4      0x7c8 FreeRTOS/source/tasks.o
 .debug_frame   0x0000000000000e6c      0x2d0 Libraries/STM32F10x_StdPeriph_Driver/src/stm32f10x_gpio.o
 .debug_frame   0x000000000000113c      0x4f4 Libraries/STM32F10x_StdPeriph_Driver/src/stm32f10x_rcc.o
 .debug_frame   0x0000000000001630      0x3a0 Libraries/STM32F10x_StdPeriph_Driver/src/stm32f10x_spi.o
 .debug_frame   0x00000000000019d0      0x200 mqttClient/src/mqtt_client.o
 .debug_frame   0x0000000000001bd0      0x398 mqttClient/src/mqtt_packet.o
 .debug_frame   0x0000000000001f68      0x11c mqttClient/src/mqtt_socket.o
 .debug_frame   0x0000000000002084      0x174 src/drivers/gpio.o
 .debug_frame   0x00000000000021f8      0x430 src/drivers/nrf24.o
 .debug_frame   0x0000000000002628       0x58 src/drivers/nrf24_platform.o
 .debug_frame   0x0000000000002680       0x58 src/main.o
 .debug_frame   0x00000000000026d8       0xf0 src/platform.o
 .debug_frame   0x00000000000027c8       0x70 src/rtc.o
 .debug_frame   0x0000000000002838       0xb0 src/stm32f1xx_it.o
 .debug_frame   0x00000000000028e8       0x98 src/system_stm32f10x.o
 .debug_frame   0x0000000000002980      0x158 threads/src/ThreadCommunication.o
 .debug_frame   0x0000000000002ad8       0x30 threads/src/ThreadServiceMode.o
 .debug_frame   0x0000000000002b08       0x54 threads/src/ThreadSupervisor.o
 .debug_frame   0x0000000000002b5c       0x2c /opt/Atollic_TrueSTUDIO_for_STM32_x86_64_9.0.1/ARMTools/bin/../lib/gcc/arm-atollic-eabi/6.3.1/../../../../arm-atollic-eabi/lib/armv7-m/libc_nano.a(lib_a-init.o)
 .debug_frame   0x0000000000002b88       0x30 /opt/Atollic_TrueSTUDIO_for_STM32_x86_64_9.0.1/ARMTools/bin/../lib/gcc/arm-atollic-eabi/6.3.1/../../../../arm-atollic-eabi/lib/armv7-m/libc_nano.a(lib_a-malloc.o)
 .debug_frame   0x0000000000002bb8       0x28 /opt/Atollic_TrueSTUDIO_for_STM32_x86_64_9.0.1/ARMTools/bin/../lib/gcc/arm-atollic-eabi/6.3.1/../../../../arm-atollic-eabi/lib/armv7-m/libc_nano.a(lib_a-memcpy-stub.o)
 .debug_frame   0x0000000000002be0       0x20 /opt/Atollic_TrueSTUDIO_for_STM32_x86_64_9.0.1/ARMTools/bin/../lib/gcc/arm-atollic-eabi/6.3.1/../../../../arm-atollic-eabi/lib/armv7-m/libc_nano.a(lib_a-memset.o)
 .debug_frame   0x0000000000002c00       0x38 /opt/Atollic_TrueSTUDIO_for_STM32_x86_64_9.0.1/ARMTools/bin/../lib/gcc/arm-atollic-eabi/6.3.1/../../../../arm-atollic-eabi/lib/armv7-m/libc_nano.a(lib_a-nano-freer.o)
 .debug_frame   0x0000000000002c38       0x2c /opt/Atollic_TrueSTUDIO_for_STM32_x86_64_9.0.1/ARMTools/bin/../lib/gcc/arm-atollic-eabi/6.3.1/../../../../arm-atollic-eabi/lib/armv7-m/libc_nano.a(lib_a-nano-mallocr.o)
 .debug_frame   0x0000000000002c64       0x2c /opt/Atollic_TrueSTUDIO_for_STM32_x86_64_9.0.1/ARMTools/bin/../lib/gcc/arm-atollic-eabi/6.3.1/../../../../arm-atollic-eabi/lib/armv7-m/libc_nano.a(lib_a-sbrkr.o)
 .debug_frame   0x0000000000002c90       0x30 /opt/Atollic_TrueSTUDIO_for_STM32_x86_64_9.0.1/ARMTools/bin/../lib/gcc/arm-atollic-eabi/6.3.1/../../../../arm-atollic-eabi/lib/armv7-m/libc_nano.a(lib_a-mlock.o)
 .debug_frame   0x0000000000002cc0       0x5c /opt/Atollic_TrueSTUDIO_for_STM32_x86_64_9.0.1/ARMTools/bin/../lib/gcc/arm-atollic-eabi/6.3.1/../../../../arm-atollic-eabi/lib/armv7-m/libc_nano.a(lib_a-reent.o)
 .debug_frame   0x0000000000002d1c       0x20 /opt/Atollic_TrueSTUDIO_for_STM32_x86_64_9.0.1/ARMTools/bin/../lib/gcc/arm-atollic-eabi/6.3.1/../../../../arm-atollic-eabi/lib/armv7-m/libnosys.a(sbrk.o)

Cross Reference Table

Symbol                                            File
ADC1_2_IRQHandler                                 src/startup_stm32f10x_md.o
ADC_AnalogWatchdogCmd                             Libraries/STM32F10x_StdPeriph_Driver/src/stm32f10x_adc.o
ADC_AnalogWatchdogSingleChannelConfig             Libraries/STM32F10x_StdPeriph_Driver/src/stm32f10x_adc.o
ADC_AnalogWatchdogThresholdsConfig                Libraries/STM32F10x_StdPeriph_Driver/src/stm32f10x_adc.o
ADC_AutoInjectedConvCmd                           Libraries/STM32F10x_StdPeriph_Driver/src/stm32f10x_adc.o
ADC_ClearFlag                                     Libraries/STM32F10x_StdPeriph_Driver/src/stm32f10x_adc.o
ADC_ClearITPendingBit                             Libraries/STM32F10x_StdPeriph_Driver/src/stm32f10x_adc.o
ADC_Cmd                                           Libraries/STM32F10x_StdPeriph_Driver/src/stm32f10x_adc.o
ADC_DMACmd                                        Libraries/STM32F10x_StdPeriph_Driver/src/stm32f10x_adc.o
ADC_DeInit                                        Libraries/STM32F10x_StdPeriph_Driver/src/stm32f10x_adc.o
ADC_DiscModeChannelCountConfig                    Libraries/STM32F10x_StdPeriph_Driver/src/stm32f10x_adc.o
ADC_DiscModeCmd                                   Libraries/STM32F10x_StdPeriph_Driver/src/stm32f10x_adc.o
ADC_ExternalTrigConvCmd                           Libraries/STM32F10x_StdPeriph_Driver/src/stm32f10x_adc.o
ADC_ExternalTrigInjectedConvCmd                   Libraries/STM32F10x_StdPeriph_Driver/src/stm32f10x_adc.o
ADC_ExternalTrigInjectedConvConfig                Libraries/STM32F10x_StdPeriph_Driver/src/stm32f10x_adc.o
ADC_GetCalibrationStatus                          Libraries/STM32F10x_StdPeriph_Driver/src/stm32f10x_adc.o
ADC_GetConversionValue                            Libraries/STM32F10x_StdPeriph_Driver/src/stm32f10x_adc.o
ADC_GetDualModeConversionValue                    Libraries/STM32F10x_StdPeriph_Driver/src/stm32f10x_adc.o
ADC_GetFlagStatus                                 Libraries/STM32F10x_StdPeriph_Driver/src/stm32f10x_adc.o
ADC_GetITStatus                                   Libraries/STM32F10x_StdPeriph_Driver/src/stm32f10x_adc.o
ADC_GetInjectedConversionValue                    Libraries/STM32F10x_StdPeriph_Driver/src/stm32f10x_adc.o
ADC_GetResetCalibrationStatus                     Libraries/STM32F10x_StdPeriph_Driver/src/stm32f10x_adc.o
ADC_GetSoftwareStartConvStatus                    Libraries/STM32F10x_StdPeriph_Driver/src/stm32f10x_adc.o
ADC_GetSoftwareStartInjectedConvCmdStatus         Libraries/STM32F10x_StdPeriph_Driver/src/stm32f10x_adc.o
ADC_ITConfig                                      Libraries/STM32F10x_StdPeriph_Driver/src/stm32f10x_adc.o
ADC_Init                                          Libraries/STM32F10x_StdPeriph_Driver/src/stm32f10x_adc.o
ADC_InjectedChannelConfig                         Libraries/STM32F10x_StdPeriph_Driver/src/stm32f10x_adc.o
ADC_InjectedDiscModeCmd                           Libraries/STM32F10x_StdPeriph_Driver/src/stm32f10x_adc.o
ADC_InjectedSequencerLengthConfig                 Libraries/STM32F10x_StdPeriph_Driver/src/stm32f10x_adc.o
ADC_RegularChannelConfig                          Libraries/STM32F10x_StdPeriph_Driver/src/stm32f10x_adc.o
ADC_ResetCalibration                              Libraries/STM32F10x_StdPeriph_Driver/src/stm32f10x_adc.o
ADC_SetInjectedOffset                             Libraries/STM32F10x_StdPeriph_Driver/src/stm32f10x_adc.o
ADC_SoftwareStartConvCmd                          Libraries/STM32F10x_StdPeriph_Driver/src/stm32f10x_adc.o
ADC_SoftwareStartInjectedConvCmd                  Libraries/STM32F10x_StdPeriph_Driver/src/stm32f10x_adc.o
ADC_StartCalibration                              Libraries/STM32F10x_StdPeriph_Driver/src/stm32f10x_adc.o
ADC_StructInit                                    Libraries/STM32F10x_StdPeriph_Driver/src/stm32f10x_adc.o
ADC_TempSensorVrefintCmd                          Libraries/STM32F10x_StdPeriph_Driver/src/stm32f10x_adc.o
AHBPrescTable                                     src/system_stm32f10x.o
BKP_ClearFlag                                     Libraries/STM32F10x_StdPeriph_Driver/src/stm32f10x_bkp.o
BKP_ClearITPendingBit                             Libraries/STM32F10x_StdPeriph_Driver/src/stm32f10x_bkp.o
BKP_DeInit                                        Libraries/STM32F10x_StdPeriph_Driver/src/stm32f10x_bkp.o
BKP_GetFlagStatus                                 Libraries/STM32F10x_StdPeriph_Driver/src/stm32f10x_bkp.o
BKP_GetITStatus                                   Libraries/STM32F10x_StdPeriph_Driver/src/stm32f10x_bkp.o
BKP_ITConfig                                      Libraries/STM32F10x_StdPeriph_Driver/src/stm32f10x_bkp.o
BKP_RTCOutputConfig                               Libraries/STM32F10x_StdPeriph_Driver/src/stm32f10x_bkp.o
BKP_ReadBackupRegister                            Libraries/STM32F10x_StdPeriph_Driver/src/stm32f10x_bkp.o
BKP_SetRTCCalibrationValue                        Libraries/STM32F10x_StdPeriph_Driver/src/stm32f10x_bkp.o
BKP_TamperPinCmd                                  Libraries/STM32F10x_StdPeriph_Driver/src/stm32f10x_bkp.o
BKP_TamperPinLevelConfig                          Libraries/STM32F10x_StdPeriph_Driver/src/stm32f10x_bkp.o
BKP_WriteBackupRegister                           Libraries/STM32F10x_StdPeriph_Driver/src/stm32f10x_bkp.o
BusFault_Handler                                  src/stm32f1xx_it.o
                                                  src/startup_stm32f10x_md.o
CAN1_RX1_IRQHandler                               src/startup_stm32f10x_md.o
CAN1_SCE_IRQHandler                               src/startup_stm32f10x_md.o
CAN_CancelTransmit                                Libraries/STM32F10x_StdPeriph_Driver/src/stm32f10x_can.o
CAN_ClearFlag                                     Libraries/STM32F10x_StdPeriph_Driver/src/stm32f10x_can.o
CAN_ClearITPendingBit                             Libraries/STM32F10x_StdPeriph_Driver/src/stm32f10x_can.o
CAN_DBGFreeze                                     Libraries/STM32F10x_StdPeriph_Driver/src/stm32f10x_can.o
CAN_DeInit                                        Libraries/STM32F10x_StdPeriph_Driver/src/stm32f10x_can.o
CAN_FIFORelease                                   Libraries/STM32F10x_StdPeriph_Driver/src/stm32f10x_can.o
CAN_FilterInit                                    Libraries/STM32F10x_StdPeriph_Driver/src/stm32f10x_can.o
CAN_GetFlagStatus                                 Libraries/STM32F10x_StdPeriph_Driver/src/stm32f10x_can.o
CAN_GetITStatus                                   Libraries/STM32F10x_StdPeriph_Driver/src/stm32f10x_can.o
CAN_GetLSBTransmitErrorCounter                    Libraries/STM32F10x_StdPeriph_Driver/src/stm32f10x_can.o
CAN_GetLastErrorCode                              Libraries/STM32F10x_StdPeriph_Driver/src/stm32f10x_can.o
CAN_GetReceiveErrorCounter                        Libraries/STM32F10x_StdPeriph_Driver/src/stm32f10x_can.o
CAN_ITConfig                                      Libraries/STM32F10x_StdPeriph_Driver/src/stm32f10x_can.o
CAN_Init                                          Libraries/STM32F10x_StdPeriph_Driver/src/stm32f10x_can.o
CAN_MessagePending                                Libraries/STM32F10x_StdPeriph_Driver/src/stm32f10x_can.o
CAN_OperatingModeRequest                          Libraries/STM32F10x_StdPeriph_Driver/src/stm32f10x_can.o
CAN_Receive                                       Libraries/STM32F10x_StdPeriph_Driver/src/stm32f10x_can.o
CAN_SlaveStartBank                                Libraries/STM32F10x_StdPeriph_Driver/src/stm32f10x_can.o
CAN_Sleep                                         Libraries/STM32F10x_StdPeriph_Driver/src/stm32f10x_can.o
CAN_StructInit                                    Libraries/STM32F10x_StdPeriph_Driver/src/stm32f10x_can.o
CAN_TTComModeCmd                                  Libraries/STM32F10x_StdPeriph_Driver/src/stm32f10x_can.o
CAN_Transmit                                      Libraries/STM32F10x_StdPeriph_Driver/src/stm32f10x_can.o
CAN_TransmitStatus                                Libraries/STM32F10x_StdPeriph_Driver/src/stm32f10x_can.o
CAN_WakeUp                                        Libraries/STM32F10x_StdPeriph_Driver/src/stm32f10x_can.o
CEC_ClearFlag                                     Libraries/STM32F10x_StdPeriph_Driver/src/stm32f10x_cec.o
CEC_ClearITPendingBit                             Libraries/STM32F10x_StdPeriph_Driver/src/stm32f10x_cec.o
CEC_Cmd                                           Libraries/STM32F10x_StdPeriph_Driver/src/stm32f10x_cec.o
CEC_DeInit                                        Libraries/STM32F10x_StdPeriph_Driver/src/stm32f10x_cec.o
CEC_EndOfMessageCmd                               Libraries/STM32F10x_StdPeriph_Driver/src/stm32f10x_cec.o
CEC_GetFlagStatus                                 Libraries/STM32F10x_StdPeriph_Driver/src/stm32f10x_cec.o
CEC_GetITStatus                                   Libraries/STM32F10x_StdPeriph_Driver/src/stm32f10x_cec.o
CEC_ITConfig                                      Libraries/STM32F10x_StdPeriph_Driver/src/stm32f10x_cec.o
CEC_Init                                          Libraries/STM32F10x_StdPeriph_Driver/src/stm32f10x_cec.o
CEC_OwnAddressConfig                              Libraries/STM32F10x_StdPeriph_Driver/src/stm32f10x_cec.o
CEC_ReceiveDataByte                               Libraries/STM32F10x_StdPeriph_Driver/src/stm32f10x_cec.o
CEC_SendDataByte                                  Libraries/STM32F10x_StdPeriph_Driver/src/stm32f10x_cec.o
CEC_SetPrescaler                                  Libraries/STM32F10x_StdPeriph_Driver/src/stm32f10x_cec.o
CEC_StartOfMessage                                Libraries/STM32F10x_StdPeriph_Driver/src/stm32f10x_cec.o
CRC_CalcBlockCRC                                  Libraries/STM32F10x_StdPeriph_Driver/src/stm32f10x_crc.o
CRC_CalcCRC                                       Libraries/STM32F10x_StdPeriph_Driver/src/stm32f10x_crc.o
CRC_GetCRC                                        Libraries/STM32F10x_StdPeriph_Driver/src/stm32f10x_crc.o
CRC_GetIDRegister                                 Libraries/STM32F10x_StdPeriph_Driver/src/stm32f10x_crc.o
CRC_ResetDR                                       Libraries/STM32F10x_StdPeriph_Driver/src/stm32f10x_crc.o
CRC_SetIDRegister                                 Libraries/STM32F10x_StdPeriph_Driver/src/stm32f10x_crc.o
ConvertToExtMsg                                   threads/src/ThreadSupervisor.o
CreateMessage                                     FreeRTOS/source/messages.o
                                                  threads/src/ThreadLightSensor.o
DAC_Cmd                                           Libraries/STM32F10x_StdPeriph_Driver/src/stm32f10x_dac.o
DAC_DMACmd                                        Libraries/STM32F10x_StdPeriph_Driver/src/stm32f10x_dac.o
DAC_DeInit                                        Libraries/STM32F10x_StdPeriph_Driver/src/stm32f10x_dac.o
DAC_DualSoftwareTriggerCmd                        Libraries/STM32F10x_StdPeriph_Driver/src/stm32f10x_dac.o
DAC_GetDataOutputValue                            Libraries/STM32F10x_StdPeriph_Driver/src/stm32f10x_dac.o
DAC_Init                                          Libraries/STM32F10x_StdPeriph_Driver/src/stm32f10x_dac.o
DAC_SetChannel1Data                               Libraries/STM32F10x_StdPeriph_Driver/src/stm32f10x_dac.o
DAC_SetChannel2Data                               Libraries/STM32F10x_StdPeriph_Driver/src/stm32f10x_dac.o
DAC_SetDualChannelData                            Libraries/STM32F10x_StdPeriph_Driver/src/stm32f10x_dac.o
DAC_SoftwareTriggerCmd                            Libraries/STM32F10x_StdPeriph_Driver/src/stm32f10x_dac.o
DAC_StructInit                                    Libraries/STM32F10x_StdPeriph_Driver/src/stm32f10x_dac.o
DAC_WaveGenerationCmd                             Libraries/STM32F10x_StdPeriph_Driver/src/stm32f10x_dac.o
DBGMCU_Config                                     Libraries/STM32F10x_StdPeriph_Driver/src/stm32f10x_dbgmcu.o
DBGMCU_GetDEVID                                   Libraries/STM32F10x_StdPeriph_Driver/src/stm32f10x_dbgmcu.o
DBGMCU_GetREVID                                   Libraries/STM32F10x_StdPeriph_Driver/src/stm32f10x_dbgmcu.o
DMA1_Channel1_IRQHandler                          src/startup_stm32f10x_md.o
DMA1_Channel2_IRQHandler                          src/startup_stm32f10x_md.o
DMA1_Channel3_IRQHandler                          src/startup_stm32f10x_md.o
DMA1_Channel4_IRQHandler                          src/startup_stm32f10x_md.o
DMA1_Channel5_IRQHandler                          src/startup_stm32f10x_md.o
DMA1_Channel6_IRQHandler                          src/startup_stm32f10x_md.o
DMA1_Channel7_IRQHandler                          src/startup_stm32f10x_md.o
DMA_ClearFlag                                     Libraries/STM32F10x_StdPeriph_Driver/src/stm32f10x_dma.o
DMA_ClearITPendingBit                             Libraries/STM32F10x_StdPeriph_Driver/src/stm32f10x_dma.o
DMA_Cmd                                           Libraries/STM32F10x_StdPeriph_Driver/src/stm32f10x_dma.o
DMA_DeInit                                        Libraries/STM32F10x_StdPeriph_Driver/src/stm32f10x_dma.o
DMA_GetCurrDataCounter                            Libraries/STM32F10x_StdPeriph_Driver/src/stm32f10x_dma.o
DMA_GetFlagStatus                                 Libraries/STM32F10x_StdPeriph_Driver/src/stm32f10x_dma.o
DMA_GetITStatus                                   Libraries/STM32F10x_StdPeriph_Driver/src/stm32f10x_dma.o
DMA_ITConfig                                      Libraries/STM32F10x_StdPeriph_Driver/src/stm32f10x_dma.o
DMA_Init                                          Libraries/STM32F10x_StdPeriph_Driver/src/stm32f10x_dma.o
DMA_SetCurrDataCounter                            Libraries/STM32F10x_StdPeriph_Driver/src/stm32f10x_dma.o
DMA_StructInit                                    Libraries/STM32F10x_StdPeriph_Driver/src/stm32f10x_dma.o
DebugMon_Handler                                  src/stm32f1xx_it.o
                                                  src/startup_stm32f10x_md.o
Default_Handler                                   src/startup_stm32f10x_md.o
EXTI0_IRQHandler                                  src/startup_stm32f10x_md.o
EXTI15_10_IRQHandler                              src/startup_stm32f10x_md.o
EXTI1_IRQHandler                                  src/startup_stm32f10x_md.o
EXTI2_IRQHandler                                  src/startup_stm32f10x_md.o
EXTI3_IRQHandler                                  src/startup_stm32f10x_md.o
EXTI4_IRQHandler                                  src/startup_stm32f10x_md.o
EXTI9_5_IRQHandler                                threads/src/ThreadCommunication.o
                                                  src/startup_stm32f10x_md.o
EXTI_ClearFlag                                    Libraries/STM32F10x_StdPeriph_Driver/src/stm32f10x_exti.o
EXTI_ClearITPendingBit                            Libraries/STM32F10x_StdPeriph_Driver/src/stm32f10x_exti.o
EXTI_DeInit                                       Libraries/STM32F10x_StdPeriph_Driver/src/stm32f10x_exti.o
EXTI_GenerateSWInterrupt                          Libraries/STM32F10x_StdPeriph_Driver/src/stm32f10x_exti.o
EXTI_GetFlagStatus                                Libraries/STM32F10x_StdPeriph_Driver/src/stm32f10x_exti.o
EXTI_GetITStatus                                  Libraries/STM32F10x_StdPeriph_Driver/src/stm32f10x_exti.o
EXTI_Init                                         Libraries/STM32F10x_StdPeriph_Driver/src/stm32f10x_exti.o
EXTI_StructInit                                   Libraries/STM32F10x_StdPeriph_Driver/src/stm32f10x_exti.o
EnableExti                                        src/drivers/gpio.o
                                                  threads/src/ThreadCommunication.o
EnableGpioClk                                     src/drivers/gpio.o
                                                  threads/src/ThreadLightSensor.o
                                                  src/main.o
EnableUart                                        src/platform.o
                                                  src/main.o
FLASH_ClearFlag                                   Libraries/STM32F10x_StdPeriph_Driver/src/stm32f10x_flash.o
FLASH_EnableWriteProtection                       Libraries/STM32F10x_StdPeriph_Driver/src/stm32f10x_flash.o
FLASH_EraseAllBank1Pages                          Libraries/STM32F10x_StdPeriph_Driver/src/stm32f10x_flash.o
FLASH_EraseAllPages                               Libraries/STM32F10x_StdPeriph_Driver/src/stm32f10x_flash.o
FLASH_EraseOptionBytes                            Libraries/STM32F10x_StdPeriph_Driver/src/stm32f10x_flash.o
FLASH_ErasePage                                   Libraries/STM32F10x_StdPeriph_Driver/src/stm32f10x_flash.o
FLASH_GetBank1Status                              Libraries/STM32F10x_StdPeriph_Driver/src/stm32f10x_flash.o
FLASH_GetFlagStatus                               Libraries/STM32F10x_StdPeriph_Driver/src/stm32f10x_flash.o
FLASH_GetPrefetchBufferStatus                     Libraries/STM32F10x_StdPeriph_Driver/src/stm32f10x_flash.o
FLASH_GetReadOutProtectionStatus                  Libraries/STM32F10x_StdPeriph_Driver/src/stm32f10x_flash.o
FLASH_GetStatus                                   Libraries/STM32F10x_StdPeriph_Driver/src/stm32f10x_flash.o
FLASH_GetUserOptionByte                           Libraries/STM32F10x_StdPeriph_Driver/src/stm32f10x_flash.o
FLASH_GetWriteProtectionOptionByte                Libraries/STM32F10x_StdPeriph_Driver/src/stm32f10x_flash.o
FLASH_HalfCycleAccessCmd                          Libraries/STM32F10x_StdPeriph_Driver/src/stm32f10x_flash.o
FLASH_IRQHandler                                  src/startup_stm32f10x_md.o
FLASH_ITConfig                                    Libraries/STM32F10x_StdPeriph_Driver/src/stm32f10x_flash.o
FLASH_Lock                                        Libraries/STM32F10x_StdPeriph_Driver/src/stm32f10x_flash.o
FLASH_LockBank1                                   Libraries/STM32F10x_StdPeriph_Driver/src/stm32f10x_flash.o
FLASH_PrefetchBufferCmd                           Libraries/STM32F10x_StdPeriph_Driver/src/stm32f10x_flash.o
FLASH_ProgramHalfWord                             Libraries/STM32F10x_StdPeriph_Driver/src/stm32f10x_flash.o
FLASH_ProgramOptionByteData                       Libraries/STM32F10x_StdPeriph_Driver/src/stm32f10x_flash.o
FLASH_ProgramWord                                 Libraries/STM32F10x_StdPeriph_Driver/src/stm32f10x_flash.o
FLASH_ReadOutProtection                           Libraries/STM32F10x_StdPeriph_Driver/src/stm32f10x_flash.o
FLASH_SetLatency                                  Libraries/STM32F10x_StdPeriph_Driver/src/stm32f10x_flash.o
FLASH_Unlock                                      Libraries/STM32F10x_StdPeriph_Driver/src/stm32f10x_flash.o
FLASH_UnlockBank1                                 Libraries/STM32F10x_StdPeriph_Driver/src/stm32f10x_flash.o
FLASH_UserOptionByteConfig                        Libraries/STM32F10x_StdPeriph_Driver/src/stm32f10x_flash.o
FLASH_WaitForLastBank1Operation                   Libraries/STM32F10x_StdPeriph_Driver/src/stm32f10x_flash.o
FLASH_WaitForLastOperation                        Libraries/STM32F10x_StdPeriph_Driver/src/stm32f10x_flash.o
FSMC_ClearFlag                                    Libraries/STM32F10x_StdPeriph_Driver/src/stm32f10x_fsmc.o
FSMC_ClearITPendingBit                            Libraries/STM32F10x_StdPeriph_Driver/src/stm32f10x_fsmc.o
FSMC_GetECC                                       Libraries/STM32F10x_StdPeriph_Driver/src/stm32f10x_fsmc.o
FSMC_GetFlagStatus                                Libraries/STM32F10x_StdPeriph_Driver/src/stm32f10x_fsmc.o
FSMC_GetITStatus                                  Libraries/STM32F10x_StdPeriph_Driver/src/stm32f10x_fsmc.o
FSMC_ITConfig                                     Libraries/STM32F10x_StdPeriph_Driver/src/stm32f10x_fsmc.o
FSMC_NANDCmd                                      Libraries/STM32F10x_StdPeriph_Driver/src/stm32f10x_fsmc.o
FSMC_NANDDeInit                                   Libraries/STM32F10x_StdPeriph_Driver/src/stm32f10x_fsmc.o
FSMC_NANDECCCmd                                   Libraries/STM32F10x_StdPeriph_Driver/src/stm32f10x_fsmc.o
FSMC_NANDInit                                     Libraries/STM32F10x_StdPeriph_Driver/src/stm32f10x_fsmc.o
FSMC_NANDStructInit                               Libraries/STM32F10x_StdPeriph_Driver/src/stm32f10x_fsmc.o
FSMC_NORSRAMCmd                                   Libraries/STM32F10x_StdPeriph_Driver/src/stm32f10x_fsmc.o
FSMC_NORSRAMDeInit                                Libraries/STM32F10x_StdPeriph_Driver/src/stm32f10x_fsmc.o
FSMC_NORSRAMInit                                  Libraries/STM32F10x_StdPeriph_Driver/src/stm32f10x_fsmc.o
FSMC_NORSRAMStructInit                            Libraries/STM32F10x_StdPeriph_Driver/src/stm32f10x_fsmc.o
FSMC_PCCARDCmd                                    Libraries/STM32F10x_StdPeriph_Driver/src/stm32f10x_fsmc.o
FSMC_PCCARDDeInit                                 Libraries/STM32F10x_StdPeriph_Driver/src/stm32f10x_fsmc.o
FSMC_PCCARDInit                                   Libraries/STM32F10x_StdPeriph_Driver/src/stm32f10x_fsmc.o
FSMC_PCCARDStructInit                             Libraries/STM32F10x_StdPeriph_Driver/src/stm32f10x_fsmc.o
GPIO_AFIODeInit                                   Libraries/STM32F10x_StdPeriph_Driver/src/stm32f10x_gpio.o
GPIO_DeInit                                       Libraries/STM32F10x_StdPeriph_Driver/src/stm32f10x_gpio.o
GPIO_ETH_MediaInterfaceConfig                     Libraries/STM32F10x_StdPeriph_Driver/src/stm32f10x_gpio.o
GPIO_EXTILineConfig                               Libraries/STM32F10x_StdPeriph_Driver/src/stm32f10x_gpio.o
GPIO_EventOutputCmd                               Libraries/STM32F10x_StdPeriph_Driver/src/stm32f10x_gpio.o
GPIO_EventOutputConfig                            Libraries/STM32F10x_StdPeriph_Driver/src/stm32f10x_gpio.o
GPIO_Init                                         Libraries/STM32F10x_StdPeriph_Driver/src/stm32f10x_gpio.o
                                                  src/main.o
                                                  src/drivers/nrf24_platform.o
                                                  src/drivers/bmp280_hal.o
GPIO_PinLockConfig                                Libraries/STM32F10x_StdPeriph_Driver/src/stm32f10x_gpio.o
GPIO_PinRemapConfig                               Libraries/STM32F10x_StdPeriph_Driver/src/stm32f10x_gpio.o
GPIO_ReadInputData                                Libraries/STM32F10x_StdPeriph_Driver/src/stm32f10x_gpio.o
GPIO_ReadInputDataBit                             Libraries/STM32F10x_StdPeriph_Driver/src/stm32f10x_gpio.o
GPIO_ReadOutputData                               Libraries/STM32F10x_StdPeriph_Driver/src/stm32f10x_gpio.o
GPIO_ReadOutputDataBit                            Libraries/STM32F10x_StdPeriph_Driver/src/stm32f10x_gpio.o
GPIO_ResetBits                                    Libraries/STM32F10x_StdPeriph_Driver/src/stm32f10x_gpio.o
                                                  src/drivers/nrf24_platform.o
                                                  src/drivers/nrf24.o
                                                  src/drivers/bmp280_hal.o
GPIO_SetBits                                      Libraries/STM32F10x_StdPeriph_Driver/src/stm32f10x_gpio.o
                                                  src/drivers/nrf24_platform.o
                                                  src/drivers/nrf24.o
                                                  src/drivers/bmp280_hal.o
GPIO_StructInit                                   Libraries/STM32F10x_StdPeriph_Driver/src/stm32f10x_gpio.o
GPIO_Write                                        Libraries/STM32F10x_StdPeriph_Driver/src/stm32f10x_gpio.o
GPIO_WriteBit                                     Libraries/STM32F10x_StdPeriph_Driver/src/stm32f10x_gpio.o
GetLightLevel                                     threads/src/ThreadLightSensor.o
HardFault_Handler                                 src/stm32f1xx_it.o
                                                  src/startup_stm32f10x_md.o
I2C1_ER_IRQHandler                                src/startup_stm32f10x_md.o
I2C1_EV_IRQHandler                                src/startup_stm32f10x_md.o
I2C2_ER_IRQHandler                                src/startup_stm32f10x_md.o
I2C2_EV_IRQHandler                                src/startup_stm32f10x_md.o
I2C_ARPCmd                                        Libraries/STM32F10x_StdPeriph_Driver/src/stm32f10x_i2c.o
I2C_AcknowledgeConfig                             Libraries/STM32F10x_StdPeriph_Driver/src/stm32f10x_i2c.o
I2C_CalculatePEC                                  Libraries/STM32F10x_StdPeriph_Driver/src/stm32f10x_i2c.o
I2C_CheckEvent                                    Libraries/STM32F10x_StdPeriph_Driver/src/stm32f10x_i2c.o
I2C_ClearFlag                                     Libraries/STM32F10x_StdPeriph_Driver/src/stm32f10x_i2c.o
I2C_ClearITPendingBit                             Libraries/STM32F10x_StdPeriph_Driver/src/stm32f10x_i2c.o
I2C_Cmd                                           Libraries/STM32F10x_StdPeriph_Driver/src/stm32f10x_i2c.o
I2C_DMACmd                                        Libraries/STM32F10x_StdPeriph_Driver/src/stm32f10x_i2c.o
I2C_DMALastTransferCmd                            Libraries/STM32F10x_StdPeriph_Driver/src/stm32f10x_i2c.o
I2C_DeInit                                        Libraries/STM32F10x_StdPeriph_Driver/src/stm32f10x_i2c.o
I2C_DualAddressCmd                                Libraries/STM32F10x_StdPeriph_Driver/src/stm32f10x_i2c.o
I2C_FastModeDutyCycleConfig                       Libraries/STM32F10x_StdPeriph_Driver/src/stm32f10x_i2c.o
I2C_GeneralCallCmd                                Libraries/STM32F10x_StdPeriph_Driver/src/stm32f10x_i2c.o
I2C_GenerateSTART                                 Libraries/STM32F10x_StdPeriph_Driver/src/stm32f10x_i2c.o
I2C_GenerateSTOP                                  Libraries/STM32F10x_StdPeriph_Driver/src/stm32f10x_i2c.o