nrf24.c:26:6:l3_send_packet	56	static
nrf24.c:60:6:l3_receive_packet	24	static
nrf24.c:143:6:nRF24_restore_defaults	16	static
nrf24.c:179:6:_delay_ms	24	static
nrf24.c:190:6:nrf24_init	8	static
nrf24.c:197:6:nrf24_ce_digitalWrite	16	static
nrf24.c:210:6:nrf24_csn_digitalWrite	16	static
nrf24.c:225:6:nrf24_config	16	static
nrf24.c:264:6:nrf24_rx_address	16	static
nrf24.c:272:9:nrf24_payload_length	4	static
nrf24.c:278:6:nrf24_tx_address	16	static
nrf24.c:287:9:nrf24_dataReady	16	static
nrf24.c:303:9:nrf24_rxFifoEmpty	16	static
nrf24.c:313:9:nrf24_payloadLength	16	static
nrf24.c:324:6:nrf24_getData	16	static
nrf24.c:343:9:nrf24_retransmissionCount	16	static
nrf24.c:353:6:nrf24_send	16	static
nrf24.c:391:9:nrf24_isSending	16	static
nrf24.c:408:9:nrf24_getStatus	16	static
nrf24.c:417:9:nrf24_lastMessageStatus	16	static
nrf24.c:441:6:nrf24_powerUpRx	8	static
nrf24.c:454:6:nrf24_powerUpTx	8	static
nrf24.c:461:6:nrf24_powerDown	8	static
nrf24.c:468:9:spi_transfer	24	static
nrf24.c:478:6:nrf24_transferSync	40	static
nrf24.c:490:6:nrf24_transmitSync	24	static
nrf24.c:502:6:nrf24_configRegister	16	static
nrf24.c:511:6:nrf24_readRegister	16	static
nrf24.c:520:6:nrf24_writeRegister	16	static
