nrf24.c:23:6:l3_send_packet	56	static
nrf24.c:60:6:l3_receive_packet	24	static
nrf24.c:86:6:nRF24_restore_defaults	16	static
nrf24.c:122:6:_delay_ms	24	static
nrf24.c:133:6:nrf24_init	8	static
nrf24.c:140:6:nrf24_ce_digitalWrite	16	static
nrf24.c:153:6:nrf24_csn_digitalWrite	16	static
nrf24.c:168:6:nrf24_config	16	static
nrf24.c:207:6:nrf24_rx_address	16	static
nrf24.c:215:9:nrf24_payload_length	4	static
nrf24.c:221:6:nrf24_tx_address	16	static
nrf24.c:230:9:nrf24_dataReady	16	static
nrf24.c:246:9:nrf24_rxFifoEmpty	16	static
nrf24.c:256:9:nrf24_payloadLength	16	static
nrf24.c:267:6:nrf24_getData	16	static
nrf24.c:286:9:nrf24_retransmissionCount	16	static
nrf24.c:296:6:nrf24_send	16	static
nrf24.c:334:9:nrf24_isSending	16	static
nrf24.c:351:9:nrf24_getStatus	16	static
nrf24.c:360:9:nrf24_lastMessageStatus	16	static
nrf24.c:384:6:nrf24_powerUpRx	8	static
nrf24.c:397:6:nrf24_powerUpTx	8	static
nrf24.c:404:6:nrf24_powerDown	8	static
nrf24.c:411:9:spi_transfer	24	static
nrf24.c:421:6:nrf24_transferSync	40	static
nrf24.c:433:6:nrf24_transmitSync	24	static
nrf24.c:445:6:nrf24_configRegister	16	static
nrf24.c:454:6:nrf24_readRegister	16	static
nrf24.c:463:6:nrf24_writeRegister	16	static
